<?xml version="1.0" encoding="ISO-8859-1" ?>
<link_info>
   <banner>TI ARM Linker PC v20.2.2.LTS</banner>
   <copyright>Copyright (c) 1996-2018 Texas Instruments Incorporated</copyright>
   <link_time>0x5fd03afa</link_time>
   <link_errors>0x0</link_errors>
   <output_file>Final_Project_WarioWare_v10.out</output_file>
   <entry_point>
      <name>_c_int00_noargs</name>
      <address>0xa84d</address>
   </entry_point>
   <input_file_list>
      <input_file id="fl-2">
         <path>.\</path>
         <kind>object</kind>
         <file>arrow.obj</file>
         <name>arrow.obj</name>
      </input_file>
      <input_file id="fl-3">
         <path>.\</path>
         <kind>object</kind>
         <file>awake.obj</file>
         <name>awake.obj</name>
      </input_file>
      <input_file id="fl-4">
         <path>.\</path>
         <kind>object</kind>
         <file>bomb_bitmap.obj</file>
         <name>bomb_bitmap.obj</name>
      </input_file>
      <input_file id="fl-5">
         <path>.\</path>
         <kind>object</kind>
         <file>bottle.obj</file>
         <name>bottle.obj</name>
      </input_file>
      <input_file id="fl-6">
         <path>.\</path>
         <kind>object</kind>
         <file>broken_heart.obj</file>
         <name>broken_heart.obj</name>
      </input_file>
      <input_file id="fl-7">
         <path>.\</path>
         <kind>object</kind>
         <file>cold_guy.obj</file>
         <name>cold_guy.obj</name>
      </input_file>
      <input_file id="fl-8">
         <path>.\</path>
         <kind>object</kind>
         <file>cow.obj</file>
         <name>cow.obj</name>
      </input_file>
      <input_file id="fl-9">
         <path>.\</path>
         <kind>object</kind>
         <file>ece353.obj</file>
         <name>ece353.obj</name>
      </input_file>
      <input_file id="fl-a">
         <path>.\</path>
         <kind>object</kind>
         <file>explosion.obj</file>
         <name>explosion.obj</name>
      </input_file>
      <input_file id="fl-b">
         <path>.\</path>
         <kind>object</kind>
         <file>heart_bitmap.obj</file>
         <name>heart_bitmap.obj</name>
      </input_file>
      <input_file id="fl-c">
         <path>.\</path>
         <kind>object</kind>
         <file>i2c.obj</file>
         <name>i2c.obj</name>
      </input_file>
      <input_file id="fl-d">
         <path>.\</path>
         <kind>object</kind>
         <file>lcd.obj</file>
         <name>lcd.obj</name>
      </input_file>
      <input_file id="fl-e">
         <path>.\</path>
         <kind>object</kind>
         <file>main.obj</file>
         <name>main.obj</name>
      </input_file>
      <input_file id="fl-f">
         <path>.\</path>
         <kind>object</kind>
         <file>music.obj</file>
         <name>music.obj</name>
      </input_file>
      <input_file id="fl-10">
         <path>.\</path>
         <kind>object</kind>
         <file>sleeping.obj</file>
         <name>sleeping.obj</name>
      </input_file>
      <input_file id="fl-11">
         <path>.\</path>
         <kind>object</kind>
         <file>space_ship.obj</file>
         <name>space_ship.obj</name>
      </input_file>
      <input_file id="fl-12">
         <path>.\</path>
         <kind>object</kind>
         <file>splash.obj</file>
         <name>splash.obj</name>
      </input_file>
      <input_file id="fl-13">
         <path>.\</path>
         <kind>object</kind>
         <file>startup_msp432p401r_ccs.obj</file>
         <name>startup_msp432p401r_ccs.obj</name>
      </input_file>
      <input_file id="fl-14">
         <path>.\</path>
         <kind>object</kind>
         <file>system_msp432p401r.obj</file>
         <name>system_msp432p401r.obj</name>
      </input_file>
      <input_file id="fl-15">
         <path>.\</path>
         <kind>object</kind>
         <file>task_console.obj</file>
         <name>task_console.obj</name>
      </input_file>
      <input_file id="fl-16">
         <path>.\</path>
         <kind>object</kind>
         <file>task_driver.obj</file>
         <name>task_driver.obj</name>
      </input_file>
      <input_file id="fl-17">
         <path>.\</path>
         <kind>object</kind>
         <file>task_joystick.obj</file>
         <name>task_joystick.obj</name>
      </input_file>
      <input_file id="fl-18">
         <path>.\</path>
         <kind>object</kind>
         <file>task_minigame1.obj</file>
         <name>task_minigame1.obj</name>
      </input_file>
      <input_file id="fl-19">
         <path>.\</path>
         <kind>object</kind>
         <file>task_minigame2.obj</file>
         <name>task_minigame2.obj</name>
      </input_file>
      <input_file id="fl-1a">
         <path>.\</path>
         <kind>object</kind>
         <file>task_minigame3.obj</file>
         <name>task_minigame3.obj</name>
      </input_file>
      <input_file id="fl-1b">
         <path>.\</path>
         <kind>object</kind>
         <file>task_minigame4.obj</file>
         <name>task_minigame4.obj</name>
      </input_file>
      <input_file id="fl-1c">
         <path>.\</path>
         <kind>object</kind>
         <file>task_minigame5.obj</file>
         <name>task_minigame5.obj</name>
      </input_file>
      <input_file id="fl-1d">
         <path>.\</path>
         <kind>object</kind>
         <file>task_minigame6.obj</file>
         <name>task_minigame6.obj</name>
      </input_file>
      <input_file id="fl-1e">
         <path>.\</path>
         <kind>object</kind>
         <file>task_timer.obj</file>
         <name>task_timer.obj</name>
      </input_file>
      <input_file id="fl-1f">
         <path>.\</path>
         <kind>object</kind>
         <file>title_bitmap.obj</file>
         <name>title_bitmap.obj</name>
      </input_file>
      <input_file id="fl-20">
         <path>.\</path>
         <kind>object</kind>
         <file>warm_guy.obj</file>
         <name>warm_guy.obj</name>
      </input_file>
      <input_file id="fl-21">
         <path>.\FreeRTOS\</path>
         <kind>object</kind>
         <file>croutine.obj</file>
         <name>croutine.obj</name>
      </input_file>
      <input_file id="fl-22">
         <path>.\FreeRTOS\</path>
         <kind>object</kind>
         <file>event_groups.obj</file>
         <name>event_groups.obj</name>
      </input_file>
      <input_file id="fl-23">
         <path>.\FreeRTOS\</path>
         <kind>object</kind>
         <file>heap_4.obj</file>
         <name>heap_4.obj</name>
      </input_file>
      <input_file id="fl-24">
         <path>.\FreeRTOS\</path>
         <kind>object</kind>
         <file>list.obj</file>
         <name>list.obj</name>
      </input_file>
      <input_file id="fl-25">
         <path>.\FreeRTOS\</path>
         <kind>object</kind>
         <file>queue.obj</file>
         <name>queue.obj</name>
      </input_file>
      <input_file id="fl-26">
         <path>.\FreeRTOS\</path>
         <kind>object</kind>
         <file>stream_buffer.obj</file>
         <name>stream_buffer.obj</name>
      </input_file>
      <input_file id="fl-27">
         <path>.\FreeRTOS\</path>
         <kind>object</kind>
         <file>tasks.obj</file>
         <name>tasks.obj</name>
      </input_file>
      <input_file id="fl-28">
         <path>.\FreeRTOS\</path>
         <kind>object</kind>
         <file>timers.obj</file>
         <name>timers.obj</name>
      </input_file>
      <input_file id="fl-29">
         <path>.\FreeRTOS\portable\</path>
         <kind>object</kind>
         <file>port.obj</file>
         <name>port.obj</name>
      </input_file>
      <input_file id="fl-2a">
         <path>.\FreeRTOS\portable\</path>
         <kind>object</kind>
         <file>portasm.obj</file>
         <name>portasm.obj</name>
      </input_file>
      <input_file id="fl-2e">
         <kind>object</kind>
         <file>&lt;internal&gt;</file>
         <name>&lt;internal&gt;</name>
      </input_file>
      <input_file id="fl-e4">
         <path>C:\ti\ccs1010\ccs\tools\compiler\ti-cgt-arm_20.2.2.LTS\lib\</path>
         <kind>archive</kind>
         <file>rtsv7M4_T_le_v4SPD16_eabi.lib</file>
         <name>printf.c.obj</name>
      </input_file>
      <input_file id="fl-e5">
         <path>C:\ti\ccs1010\ccs\tools\compiler\ti-cgt-arm_20.2.2.LTS\lib\</path>
         <kind>archive</kind>
         <file>rtsv7M4_T_le_v4SPD16_eabi.lib</file>
         <name>_printfi.c.obj</name>
      </input_file>
      <input_file id="fl-e6">
         <path>C:\ti\ccs1010\ccs\tools\compiler\ti-cgt-arm_20.2.2.LTS\lib\</path>
         <kind>archive</kind>
         <file>rtsv7M4_T_le_v4SPD16_eabi.lib</file>
         <name>sprintf.c.obj</name>
      </input_file>
      <input_file id="fl-e7">
         <path>C:\ti\ccs1010\ccs\tools\compiler\ti-cgt-arm_20.2.2.LTS\lib\</path>
         <kind>archive</kind>
         <file>rtsv7M4_T_le_v4SPD16_eabi.lib</file>
         <name>fputs.c.obj</name>
      </input_file>
      <input_file id="fl-e8">
         <path>C:\ti\ccs1010\ccs\tools\compiler\ti-cgt-arm_20.2.2.LTS\lib\</path>
         <kind>archive</kind>
         <file>rtsv7M4_T_le_v4SPD16_eabi.lib</file>
         <name>_io_perm.c.obj</name>
      </input_file>
      <input_file id="fl-e9">
         <path>C:\ti\ccs1010\ccs\tools\compiler\ti-cgt-arm_20.2.2.LTS\lib\</path>
         <kind>archive</kind>
         <file>rtsv7M4_T_le_v4SPD16_eabi.lib</file>
         <name>setvbuf.c.obj</name>
      </input_file>
      <input_file id="fl-ea">
         <path>C:\ti\ccs1010\ccs\tools\compiler\ti-cgt-arm_20.2.2.LTS\lib\</path>
         <kind>archive</kind>
         <file>rtsv7M4_T_le_v4SPD16_eabi.lib</file>
         <name>fd_add_t2.asm.obj</name>
      </input_file>
      <input_file id="fl-eb">
         <path>C:\ti\ccs1010\ccs\tools\compiler\ti-cgt-arm_20.2.2.LTS\lib\</path>
         <kind>archive</kind>
         <file>rtsv7M4_T_le_v4SPD16_eabi.lib</file>
         <name>fd_cmp_t2.asm.obj</name>
      </input_file>
      <input_file id="fl-ec">
         <path>C:\ti\ccs1010\ccs\tools\compiler\ti-cgt-arm_20.2.2.LTS\lib\</path>
         <kind>archive</kind>
         <file>rtsv7M4_T_le_v4SPD16_eabi.lib</file>
         <name>fd_div_t2.asm.obj</name>
      </input_file>
      <input_file id="fl-ed">
         <path>C:\ti\ccs1010\ccs\tools\compiler\ti-cgt-arm_20.2.2.LTS\lib\</path>
         <kind>archive</kind>
         <file>rtsv7M4_T_le_v4SPD16_eabi.lib</file>
         <name>fd_mul_t2.asm.obj</name>
      </input_file>
      <input_file id="fl-ee">
         <path>C:\ti\ccs1010\ccs\tools\compiler\ti-cgt-arm_20.2.2.LTS\lib\</path>
         <kind>archive</kind>
         <file>rtsv7M4_T_le_v4SPD16_eabi.lib</file>
         <name>fd_toi_t2.asm.obj</name>
      </input_file>
      <input_file id="fl-ef">
         <path>C:\ti\ccs1010\ccs\tools\compiler\ti-cgt-arm_20.2.2.LTS\lib\</path>
         <kind>archive</kind>
         <file>rtsv7M4_T_le_v4SPD16_eabi.lib</file>
         <name>i_tofd_t2.asm.obj</name>
      </input_file>
      <input_file id="fl-f0">
         <path>C:\ti\ccs1010\ccs\tools\compiler\ti-cgt-arm_20.2.2.LTS\lib\</path>
         <kind>archive</kind>
         <file>rtsv7M4_T_le_v4SPD16_eabi.lib</file>
         <name>memcpy_t2.asm.obj</name>
      </input_file>
      <input_file id="fl-f1">
         <path>C:\ti\ccs1010\ccs\tools\compiler\ti-cgt-arm_20.2.2.LTS\lib\</path>
         <kind>archive</kind>
         <file>rtsv7M4_T_le_v4SPD16_eabi.lib</file>
         <name>ull_div_t2.asm.obj</name>
      </input_file>
      <input_file id="fl-f2">
         <path>C:\ti\ccs1010\ccs\tools\compiler\ti-cgt-arm_20.2.2.LTS\lib\</path>
         <kind>archive</kind>
         <file>rtsv7M4_T_le_v4SPD16_eabi.lib</file>
         <name>memset_t2.asm.obj</name>
      </input_file>
      <input_file id="fl-f3">
         <path>C:\ti\ccs1010\ccs\tools\compiler\ti-cgt-arm_20.2.2.LTS\lib\</path>
         <kind>archive</kind>
         <file>rtsv7M4_T_le_v4SPD16_eabi.lib</file>
         <name>copy_zero_init.c.obj</name>
      </input_file>
      <input_file id="fl-f4">
         <path>C:\ti\ccs1010\ccs\tools\compiler\ti-cgt-arm_20.2.2.LTS\lib\</path>
         <kind>archive</kind>
         <file>rtsv7M4_T_le_v4SPD16_eabi.lib</file>
         <name>copy_decompress_none.c.obj</name>
      </input_file>
      <input_file id="fl-f5">
         <path>C:\ti\ccs1010\ccs\tools\compiler\ti-cgt-arm_20.2.2.LTS\lib\</path>
         <kind>archive</kind>
         <file>rtsv7M4_T_le_v4SPD16_eabi.lib</file>
         <name>copy_decompress_lzss.c.obj</name>
      </input_file>
      <input_file id="fl-f6">
         <path>C:\ti\ccs1010\ccs\tools\compiler\ti-cgt-arm_20.2.2.LTS\lib\</path>
         <kind>archive</kind>
         <file>rtsv7M4_T_le_v4SPD16_eabi.lib</file>
         <name>exit.c.obj</name>
      </input_file>
      <input_file id="fl-f7">
         <path>C:\ti\ccs1010\ccs\tools\compiler\ti-cgt-arm_20.2.2.LTS\lib\</path>
         <kind>archive</kind>
         <file>rtsv7M4_T_le_v4SPD16_eabi.lib</file>
         <name>_lock.c.obj</name>
      </input_file>
      <input_file id="fl-f8">
         <path>C:\ti\ccs1010\ccs\tools\compiler\ti-cgt-arm_20.2.2.LTS\lib\</path>
         <kind>archive</kind>
         <file>rtsv7M4_T_le_v4SPD16_eabi.lib</file>
         <name>_ltoa.c.obj</name>
      </input_file>
      <input_file id="fl-f9">
         <path>C:\ti\ccs1010\ccs\tools\compiler\ti-cgt-arm_20.2.2.LTS\lib\</path>
         <kind>archive</kind>
         <file>rtsv7M4_T_le_v4SPD16_eabi.lib</file>
         <name>atoi.c.obj</name>
      </input_file>
      <input_file id="fl-fa">
         <path>C:\ti\ccs1010\ccs\tools\compiler\ti-cgt-arm_20.2.2.LTS\lib\</path>
         <kind>archive</kind>
         <file>rtsv7M4_T_le_v4SPD16_eabi.lib</file>
         <name>ctype.c.obj</name>
      </input_file>
      <input_file id="fl-fb">
         <path>C:\ti\ccs1010\ccs\tools\compiler\ti-cgt-arm_20.2.2.LTS\lib\</path>
         <kind>archive</kind>
         <file>rtsv7M4_T_le_v4SPD16_eabi.lib</file>
         <name>defs.c.obj</name>
      </input_file>
      <input_file id="fl-fc">
         <path>C:\ti\ccs1010\ccs\tools\compiler\ti-cgt-arm_20.2.2.LTS\lib\</path>
         <kind>archive</kind>
         <file>rtsv7M4_T_le_v4SPD16_eabi.lib</file>
         <name>memccpy.c.obj</name>
      </input_file>
      <input_file id="fl-fd">
         <path>C:\ti\ccs1010\ccs\tools\compiler\ti-cgt-arm_20.2.2.LTS\lib\</path>
         <kind>archive</kind>
         <file>rtsv7M4_T_le_v4SPD16_eabi.lib</file>
         <name>memchr.c.obj</name>
      </input_file>
      <input_file id="fl-fe">
         <path>C:\ti\ccs1010\ccs\tools\compiler\ti-cgt-arm_20.2.2.LTS\lib\</path>
         <kind>archive</kind>
         <file>rtsv7M4_T_le_v4SPD16_eabi.lib</file>
         <name>memory.c.obj</name>
      </input_file>
      <input_file id="fl-ff">
         <path>C:\ti\ccs1010\ccs\tools\compiler\ti-cgt-arm_20.2.2.LTS\lib\</path>
         <kind>archive</kind>
         <file>rtsv7M4_T_le_v4SPD16_eabi.lib</file>
         <name>rand.c.obj</name>
      </input_file>
      <input_file id="fl-100">
         <path>C:\ti\ccs1010\ccs\tools\compiler\ti-cgt-arm_20.2.2.LTS\lib\</path>
         <kind>archive</kind>
         <file>rtsv7M4_T_le_v4SPD16_eabi.lib</file>
         <name>strchr.c.obj</name>
      </input_file>
      <input_file id="fl-101">
         <path>C:\ti\ccs1010\ccs\tools\compiler\ti-cgt-arm_20.2.2.LTS\lib\</path>
         <kind>archive</kind>
         <file>rtsv7M4_T_le_v4SPD16_eabi.lib</file>
         <name>strlen.c.obj</name>
      </input_file>
      <input_file id="fl-102">
         <path>C:\ti\ccs1010\ccs\tools\compiler\ti-cgt-arm_20.2.2.LTS\lib\</path>
         <kind>archive</kind>
         <file>rtsv7M4_T_le_v4SPD16_eabi.lib</file>
         <name>write.c.obj</name>
      </input_file>
      <input_file id="fl-103">
         <path>C:\ti\ccs1010\ccs\tools\compiler\ti-cgt-arm_20.2.2.LTS\lib\</path>
         <kind>archive</kind>
         <file>rtsv7M4_T_le_v4SPD16_eabi.lib</file>
         <name>host_device.c.obj</name>
      </input_file>
      <input_file id="fl-104">
         <path>C:\ti\ccs1010\ccs\tools\compiler\ti-cgt-arm_20.2.2.LTS\lib\</path>
         <kind>archive</kind>
         <file>rtsv7M4_T_le_v4SPD16_eabi.lib</file>
         <name>time.c.obj</name>
      </input_file>
      <input_file id="fl-105">
         <path>C:\ti\ccs1010\ccs\tools\compiler\ti-cgt-arm_20.2.2.LTS\lib\</path>
         <kind>archive</kind>
         <file>rtsv7M4_T_le_v4SPD16_eabi.lib</file>
         <name>boot_cortex_m.c.obj</name>
      </input_file>
      <input_file id="fl-106">
         <path>C:\ti\ccs1010\ccs\tools\compiler\ti-cgt-arm_20.2.2.LTS\lib\</path>
         <kind>archive</kind>
         <file>rtsv7M4_T_le_v4SPD16_eabi.lib</file>
         <name>errno.c.obj</name>
      </input_file>
      <input_file id="fl-107">
         <path>C:\ti\ccs1010\ccs\tools\compiler\ti-cgt-arm_20.2.2.LTS\lib\</path>
         <kind>archive</kind>
         <file>rtsv7M4_T_le_v4SPD16_eabi.lib</file>
         <name>s_frexp.c.obj</name>
      </input_file>
      <input_file id="fl-108">
         <path>C:\ti\ccs1010\ccs\tools\compiler\ti-cgt-arm_20.2.2.LTS\lib\</path>
         <kind>archive</kind>
         <file>rtsv7M4_T_le_v4SPD16_eabi.lib</file>
         <name>s_scalbn.c.obj</name>
      </input_file>
      <input_file id="fl-109">
         <path>C:\ti\ccs1010\ccs\tools\compiler\ti-cgt-arm_20.2.2.LTS\lib\</path>
         <kind>archive</kind>
         <file>rtsv7M4_T_le_v4SPD16_eabi.lib</file>
         <name>wcslen.c.obj</name>
      </input_file>
      <input_file id="fl-10a">
         <path>C:\ti\ccs1010\ccs\tools\compiler\ti-cgt-arm_20.2.2.LTS\lib\</path>
         <kind>archive</kind>
         <file>rtsv7M4_T_le_v4SPD16_eabi.lib</file>
         <name>s_copysign.c.obj</name>
      </input_file>
      <input_file id="fl-10b">
         <path>C:\ti\ccs1010\ccs\tools\compiler\ti-cgt-arm_20.2.2.LTS\lib\</path>
         <kind>archive</kind>
         <file>rtsv7M4_T_le_v4SPD16_eabi.lib</file>
         <name>fflush.c.obj</name>
      </input_file>
      <input_file id="fl-10c">
         <path>C:\ti\ccs1010\ccs\tools\compiler\ti-cgt-arm_20.2.2.LTS\lib\</path>
         <kind>archive</kind>
         <file>rtsv7M4_T_le_v4SPD16_eabi.lib</file>
         <name>fopen.c.obj</name>
      </input_file>
      <input_file id="fl-10d">
         <path>C:\ti\ccs1010\ccs\tools\compiler\ti-cgt-arm_20.2.2.LTS\lib\</path>
         <kind>archive</kind>
         <file>rtsv7M4_T_le_v4SPD16_eabi.lib</file>
         <name>fseek.c.obj</name>
      </input_file>
      <input_file id="fl-10e">
         <path>C:\ti\ccs1010\ccs\tools\compiler\ti-cgt-arm_20.2.2.LTS\lib\</path>
         <kind>archive</kind>
         <file>rtsv7M4_T_le_v4SPD16_eabi.lib</file>
         <name>div0.asm.obj</name>
      </input_file>
      <input_file id="fl-10f">
         <path>C:\ti\ccs1010\ccs\tools\compiler\ti-cgt-arm_20.2.2.LTS\lib\</path>
         <kind>archive</kind>
         <file>rtsv7M4_T_le_v4SPD16_eabi.lib</file>
         <name>autoinit.c.obj</name>
      </input_file>
      <input_file id="fl-110">
         <path>C:\ti\ccs1010\ccs\tools\compiler\ti-cgt-arm_20.2.2.LTS\lib\</path>
         <kind>archive</kind>
         <file>rtsv7M4_T_le_v4SPD16_eabi.lib</file>
         <name>pre_init.c.obj</name>
      </input_file>
      <input_file id="fl-111">
         <path>C:\ti\ccs1010\ccs\tools\compiler\ti-cgt-arm_20.2.2.LTS\lib\</path>
         <kind>archive</kind>
         <file>rtsv7M4_T_le_v4SPD16_eabi.lib</file>
         <name>cpy_tbl.c.obj</name>
      </input_file>
      <input_file id="fl-112">
         <path>C:\ti\ccs1010\ccs\tools\compiler\ti-cgt-arm_20.2.2.LTS\lib\</path>
         <kind>archive</kind>
         <file>rtsv7M4_T_le_v4SPD16_eabi.lib</file>
         <name>args_main.c.obj</name>
      </input_file>
      <input_file id="fl-113">
         <path>C:\ti\ccs1010\ccs\tools\compiler\ti-cgt-arm_20.2.2.LTS\lib\</path>
         <kind>archive</kind>
         <file>rtsv7M4_T_le_v4SPD16_eabi.lib</file>
         <name>hostclose.c.obj</name>
      </input_file>
      <input_file id="fl-114">
         <path>C:\ti\ccs1010\ccs\tools\compiler\ti-cgt-arm_20.2.2.LTS\lib\</path>
         <kind>archive</kind>
         <file>rtsv7M4_T_le_v4SPD16_eabi.lib</file>
         <name>hostlseek.c.obj</name>
      </input_file>
      <input_file id="fl-115">
         <path>C:\ti\ccs1010\ccs\tools\compiler\ti-cgt-arm_20.2.2.LTS\lib\</path>
         <kind>archive</kind>
         <file>rtsv7M4_T_le_v4SPD16_eabi.lib</file>
         <name>hostopen.c.obj</name>
      </input_file>
      <input_file id="fl-116">
         <path>C:\ti\ccs1010\ccs\tools\compiler\ti-cgt-arm_20.2.2.LTS\lib\</path>
         <kind>archive</kind>
         <file>rtsv7M4_T_le_v4SPD16_eabi.lib</file>
         <name>hostread.c.obj</name>
      </input_file>
      <input_file id="fl-117">
         <path>C:\ti\ccs1010\ccs\tools\compiler\ti-cgt-arm_20.2.2.LTS\lib\</path>
         <kind>archive</kind>
         <file>rtsv7M4_T_le_v4SPD16_eabi.lib</file>
         <name>hostrename.c.obj</name>
      </input_file>
      <input_file id="fl-118">
         <path>C:\ti\ccs1010\ccs\tools\compiler\ti-cgt-arm_20.2.2.LTS\lib\</path>
         <kind>archive</kind>
         <file>rtsv7M4_T_le_v4SPD16_eabi.lib</file>
         <name>hosttime.c.obj</name>
      </input_file>
      <input_file id="fl-119">
         <path>C:\ti\ccs1010\ccs\tools\compiler\ti-cgt-arm_20.2.2.LTS\lib\</path>
         <kind>archive</kind>
         <file>rtsv7M4_T_le_v4SPD16_eabi.lib</file>
         <name>hostunlink.c.obj</name>
      </input_file>
      <input_file id="fl-11a">
         <path>C:\ti\ccs1010\ccs\tools\compiler\ti-cgt-arm_20.2.2.LTS\lib\</path>
         <kind>archive</kind>
         <file>rtsv7M4_T_le_v4SPD16_eabi.lib</file>
         <name>hostwrite.c.obj</name>
      </input_file>
      <input_file id="fl-11b">
         <path>C:\ti\ccs1010\ccs\tools\compiler\ti-cgt-arm_20.2.2.LTS\lib\</path>
         <kind>archive</kind>
         <file>rtsv7M4_T_le_v4SPD16_eabi.lib</file>
         <name>trgmsg.c.obj</name>
      </input_file>
      <input_file id="fl-11c">
         <path>C:\ti\ccs1010\ccs\tools\compiler\ti-cgt-arm_20.2.2.LTS\lib\</path>
         <kind>archive</kind>
         <file>rtsv7M4_T_le_v4SPD16_eabi.lib</file>
         <name>open.c.obj</name>
      </input_file>
      <input_file id="fl-11d">
         <path>C:\ti\ccs1010\ccs\tools\compiler\ti-cgt-arm_20.2.2.LTS\lib\</path>
         <kind>archive</kind>
         <file>rtsv7M4_T_le_v4SPD16_eabi.lib</file>
         <name>lseek.c.obj</name>
      </input_file>
      <input_file id="fl-11e">
         <path>C:\ti\ccs1010\ccs\tools\compiler\ti-cgt-arm_20.2.2.LTS\lib\</path>
         <kind>archive</kind>
         <file>rtsv7M4_T_le_v4SPD16_eabi.lib</file>
         <name>fclose.c.obj</name>
      </input_file>
      <input_file id="fl-11f">
         <path>C:\ti\ccs1010\ccs\tools\compiler\ti-cgt-arm_20.2.2.LTS\lib\</path>
         <kind>archive</kind>
         <file>rtsv7M4_T_le_v4SPD16_eabi.lib</file>
         <name>getdevice.c.obj</name>
      </input_file>
      <input_file id="fl-120">
         <path>C:\ti\ccs1010\ccs\tools\compiler\ti-cgt-arm_20.2.2.LTS\lib\</path>
         <kind>archive</kind>
         <file>rtsv7M4_T_le_v4SPD16_eabi.lib</file>
         <name>strcmp.c.obj</name>
      </input_file>
      <input_file id="fl-121">
         <path>C:\ti\ccs1010\ccs\tools\compiler\ti-cgt-arm_20.2.2.LTS\lib\</path>
         <kind>archive</kind>
         <file>rtsv7M4_T_le_v4SPD16_eabi.lib</file>
         <name>strcpy.c.obj</name>
      </input_file>
      <input_file id="fl-122">
         <path>C:\ti\ccs1010\ccs\tools\compiler\ti-cgt-arm_20.2.2.LTS\lib\</path>
         <kind>archive</kind>
         <file>rtsv7M4_T_le_v4SPD16_eabi.lib</file>
         <name>strncpy.c.obj</name>
      </input_file>
      <input_file id="fl-123">
         <path>C:\ti\ccs1010\ccs\tools\compiler\ti-cgt-arm_20.2.2.LTS\lib\</path>
         <kind>archive</kind>
         <file>rtsv7M4_T_le_v4SPD16_eabi.lib</file>
         <name>remove.c.obj</name>
      </input_file>
      <input_file id="fl-124">
         <path>C:\ti\ccs1010\ccs\tools\compiler\ti-cgt-arm_20.2.2.LTS\lib\</path>
         <kind>archive</kind>
         <file>rtsv7M4_T_le_v4SPD16_eabi.lib</file>
         <name>close.c.obj</name>
      </input_file>
      <input_file id="fl-125">
         <path>C:\ti\ccs1010\ccs\tools\compiler\ti-cgt-arm_20.2.2.LTS\lib\</path>
         <kind>archive</kind>
         <file>rtsv7M4_T_le_v4SPD16_eabi.lib</file>
         <name>unlink.c.obj</name>
      </input_file>
   </input_file_list>
   <object_component_list>
      <object_component id="oc-26">
         <name>.intvecs:retain</name>
         <load_address>0x0</load_address>
         <run_address>0x0</run_address>
         <size>0xe4</size>
         <input_file_ref idref="fl-13"/>
      </object_component>
      <object_component id="oc-ca">
         <name>.text</name>
         <load_address>0xe4</load_address>
         <run_address>0xe4</run_address>
         <size>0x20c4</size>
         <input_file_ref idref="fl-27"/>
      </object_component>
      <object_component id="oc-e5">
         <name>.text</name>
         <load_address>0x21a8</load_address>
         <run_address>0x21a8</run_address>
         <size>0x10f0</size>
         <input_file_ref idref="fl-25"/>
      </object_component>
      <object_component id="oc-3c3">
         <name>.text:__TI_printfi</name>
         <load_address>0x3298</load_address>
         <run_address>0x3298</run_address>
         <size>0xa4e</size>
         <input_file_ref idref="fl-e5"/>
      </object_component>
      <object_component id="oc-430">
         <name>.text:_nop</name>
         <load_address>0x3ce6</load_address>
         <run_address>0x3ce6</run_address>
         <size>0x2</size>
         <input_file_ref idref="fl-f7"/>
      </object_component>
      <object_component id="oc-13e">
         <name>.text</name>
         <load_address>0x3ce8</load_address>
         <run_address>0x3ce8</run_address>
         <size>0x82c</size>
         <input_file_ref idref="fl-d"/>
      </object_component>
      <object_component id="oc-1f3">
         <name>.text</name>
         <load_address>0x4514</load_address>
         <run_address>0x4514</run_address>
         <size>0x7a4</size>
         <input_file_ref idref="fl-28"/>
      </object_component>
      <object_component id="oc-25c">
         <name>.text</name>
         <load_address>0x4cb8</load_address>
         <run_address>0x4cb8</run_address>
         <size>0x72c</size>
         <input_file_ref idref="fl-9"/>
      </object_component>
      <object_component id="oc-162">
         <name>.text</name>
         <load_address>0x53e4</load_address>
         <run_address>0x53e4</run_address>
         <size>0x668</size>
         <input_file_ref idref="fl-1d"/>
      </object_component>
      <object_component id="oc-12c">
         <name>.text</name>
         <load_address>0x5a4c</load_address>
         <run_address>0x5a4c</run_address>
         <size>0x610</size>
         <input_file_ref idref="fl-16"/>
      </object_component>
      <object_component id="oc-75">
         <name>.text</name>
         <load_address>0x605c</load_address>
         <run_address>0x605c</run_address>
         <size>0x438</size>
         <input_file_ref idref="fl-29"/>
      </object_component>
      <object_component id="oc-1db">
         <name>.text</name>
         <load_address>0x6494</load_address>
         <run_address>0x6494</run_address>
         <size>0x42c</size>
         <input_file_ref idref="fl-23"/>
      </object_component>
      <object_component id="oc-15c">
         <name>.text</name>
         <load_address>0x68c0</load_address>
         <run_address>0x68c0</run_address>
         <size>0x3e0</size>
         <input_file_ref idref="fl-1c"/>
      </object_component>
      <object_component id="oc-156">
         <name>.text</name>
         <load_address>0x6ca0</load_address>
         <run_address>0x6ca0</run_address>
         <size>0x3c8</size>
         <input_file_ref idref="fl-1b"/>
      </object_component>
      <object_component id="oc-bd">
         <name>.text</name>
         <load_address>0x7068</load_address>
         <run_address>0x7068</run_address>
         <size>0x354</size>
         <input_file_ref idref="fl-14"/>
      </object_component>
      <object_component id="oc-14a">
         <name>.text</name>
         <load_address>0x73bc</load_address>
         <run_address>0x73bc</run_address>
         <size>0x34c</size>
         <input_file_ref idref="fl-19"/>
      </object_component>
      <object_component id="oc-150">
         <name>.text</name>
         <load_address>0x7708</load_address>
         <run_address>0x7708</run_address>
         <size>0x320</size>
         <input_file_ref idref="fl-1a"/>
      </object_component>
      <object_component id="oc-181">
         <name>.text</name>
         <load_address>0x7a28</load_address>
         <run_address>0x7a28</run_address>
         <size>0x308</size>
         <input_file_ref idref="fl-1e"/>
      </object_component>
      <object_component id="oc-7b">
         <name>.text</name>
         <load_address>0x7d30</load_address>
         <run_address>0x7d30</run_address>
         <size>0x2dc</size>
         <input_file_ref idref="fl-17"/>
      </object_component>
      <object_component id="oc-4cd">
         <name>.text:_pconv_a</name>
         <load_address>0x800c</load_address>
         <run_address>0x800c</run_address>
         <size>0x270</size>
         <input_file_ref idref="fl-e5"/>
      </object_component>
      <object_component id="oc-ab">
         <name>.text</name>
         <load_address>0x827c</load_address>
         <run_address>0x827c</run_address>
         <size>0x264</size>
         <input_file_ref idref="fl-e"/>
      </object_component>
      <object_component id="oc-144">
         <name>.text</name>
         <load_address>0x84e0</load_address>
         <run_address>0x84e0</run_address>
         <size>0x1fc</size>
         <input_file_ref idref="fl-18"/>
      </object_component>
      <object_component id="oc-4bb">
         <name>.text:_pconv_g</name>
         <load_address>0x86dc</load_address>
         <run_address>0x86dc</run_address>
         <size>0x1d0</size>
         <input_file_ref idref="fl-e5"/>
      </object_component>
      <object_component id="oc-138">
         <name>.text</name>
         <load_address>0x88ac</load_address>
         <run_address>0x88ac</run_address>
         <size>0x1cc</size>
         <input_file_ref idref="fl-c"/>
      </object_component>
      <object_component id="oc-553">
         <name>.text</name>
         <load_address>0x8a78</load_address>
         <run_address>0x8a78</run_address>
         <size>0x1b6</size>
         <input_file_ref idref="fl-ea"/>
      </object_component>
      <object_component id="oc-5cc">
         <name>.text</name>
         <load_address>0x8c2e</load_address>
         <run_address>0x8c2e</run_address>
         <size>0x2</size>
         <input_file_ref idref="fl-10e"/>
      </object_component>
      <object_component id="oc-126">
         <name>.text</name>
         <load_address>0x8c30</load_address>
         <run_address>0x8c30</run_address>
         <size>0x1b0</size>
         <input_file_ref idref="fl-f"/>
      </object_component>
      <object_component id="oc-4c7">
         <name>.text:_pconv_e</name>
         <load_address>0x8de0</load_address>
         <run_address>0x8de0</run_address>
         <size>0x13c</size>
         <input_file_ref idref="fl-e5"/>
      </object_component>
      <object_component id="oc-548">
         <name>.text</name>
         <load_address>0x8f1c</load_address>
         <run_address>0x8f1c</run_address>
         <size>0x136</size>
         <input_file_ref idref="fl-ec"/>
      </object_component>
      <object_component id="oc-1e1">
         <name>.text</name>
         <load_address>0x9052</load_address>
         <run_address>0x9052</run_address>
         <size>0x12a</size>
         <input_file_ref idref="fl-24"/>
      </object_component>
      <object_component id="oc-565">
         <name>.text:fcvt</name>
         <load_address>0x917c</load_address>
         <run_address>0x917c</run_address>
         <size>0x124</size>
         <input_file_ref idref="fl-e5"/>
      </object_component>
      <object_component id="oc-132">
         <name>.text</name>
         <load_address>0x92a0</load_address>
         <run_address>0x92a0</run_address>
         <size>0x120</size>
         <input_file_ref idref="fl-15"/>
      </object_component>
      <object_component id="oc-4f5">
         <name>.text:fputs</name>
         <load_address>0x93c0</load_address>
         <run_address>0x93c0</run_address>
         <size>0x114</size>
         <input_file_ref idref="fl-e7"/>
      </object_component>
      <object_component id="oc-579">
         <name>.text:scalbn</name>
         <load_address>0x94d4</load_address>
         <run_address>0x94d4</run_address>
         <size>0x110</size>
         <input_file_ref idref="fl-108"/>
      </object_component>
      <object_component id="oc-671">
         <name>.text:aligned_alloc</name>
         <load_address>0x95e4</load_address>
         <run_address>0x95e4</run_address>
         <size>0x100</size>
         <input_file_ref idref="fl-fe"/>
      </object_component>
      <object_component id="oc-267">
         <name>.text</name>
         <load_address>0x96e4</load_address>
         <run_address>0x96e4</run_address>
         <size>0xfc</size>
         <input_file_ref idref="fl-ed"/>
      </object_component>
      <object_component id="oc-62f">
         <name>.text:free</name>
         <load_address>0x97e0</load_address>
         <run_address>0x97e0</run_address>
         <size>0xe4</size>
         <input_file_ref idref="fl-fe"/>
      </object_component>
      <object_component id="oc-603">
         <name>.text:setvbuf</name>
         <load_address>0x98c4</load_address>
         <run_address>0x98c4</run_address>
         <size>0xdc</size>
         <input_file_ref idref="fl-e9"/>
      </object_component>
      <object_component id="oc-70">
         <name>.text</name>
         <load_address>0x99a0</load_address>
         <run_address>0x99a0</run_address>
         <size>0xda</size>
         <input_file_ref idref="fl-2a"/>
      </object_component>
      <object_component id="oc-4b0">
         <name>.text:_ltostr</name>
         <load_address>0x9a7c</load_address>
         <run_address>0x9a7c</run_address>
         <size>0xb1</size>
         <input_file_ref idref="fl-e5"/>
      </object_component>
      <object_component id="oc-3a">
         <name>.text</name>
         <load_address>0x9b2e</load_address>
         <run_address>0x9b2e</run_address>
         <size>0x9c</size>
         <input_file_ref idref="fl-f0"/>
      </object_component>
      <object_component id="oc-541">
         <name>.text</name>
         <load_address>0x9bca</load_address>
         <run_address>0x9bca</run_address>
         <size>0x96</size>
         <input_file_ref idref="fl-f1"/>
      </object_component>
      <object_component id="oc-4b6">
         <name>.text:__aeabi_cdcmple</name>
         <load_address>0x9c60</load_address>
         <run_address>0x9c60</run_address>
         <size>0x86</size>
         <input_file_ref idref="fl-eb"/>
      </object_component>
      <object_component id="oc-2d6">
         <name>.text:__aeabi_cdrcmple</name>
         <load_address>0x9ce6</load_address>
         <run_address>0x9ce6</run_address>
         <size>0x86</size>
         <input_file_ref idref="fl-eb"/>
      </object_component>
      <object_component id="oc-9f">
         <name>.text</name>
         <load_address>0x9d6c</load_address>
         <run_address>0x9d6c</run_address>
         <size>0x7a</size>
         <input_file_ref idref="fl-f2"/>
      </object_component>
      <object_component id="oc-678">
         <name>.text:__TI_closefile</name>
         <load_address>0x9de8</load_address>
         <run_address>0x9de8</run_address>
         <size>0x74</size>
         <input_file_ref idref="fl-11e"/>
      </object_component>
      <object_component id="oc-6b9">
         <name>.text:split</name>
         <load_address>0x9e5c</load_address>
         <run_address>0x9e5c</run_address>
         <size>0x70</size>
         <input_file_ref idref="fl-fe"/>
      </object_component>
      <object_component id="oc-55e">
         <name>.text:_mcpy</name>
         <load_address>0x9ecc</load_address>
         <run_address>0x9ecc</run_address>
         <size>0x6e</size>
         <input_file_ref idref="fl-e5"/>
      </object_component>
      <object_component id="oc-6a8">
         <name>.text:HOSTrename</name>
         <load_address>0x9f3c</load_address>
         <run_address>0x9f3c</run_address>
         <size>0x6c</size>
         <input_file_ref idref="fl-117"/>
      </object_component>
      <object_component id="oc-69c">
         <name>.text:HOSTlseek</name>
         <load_address>0x9fa8</load_address>
         <run_address>0x9fa8</run_address>
         <size>0x68</size>
         <input_file_ref idref="fl-114"/>
      </object_component>
      <object_component id="oc-17">
         <name>.text:decompress:lzss:__TI_decompress_lzss</name>
         <load_address>0xa010</load_address>
         <run_address>0xa010</run_address>
         <size>0x68</size>
         <input_file_ref idref="fl-f5"/>
      </object_component>
      <object_component id="oc-29a">
         <name>.text:printf</name>
         <load_address>0xa078</load_address>
         <run_address>0xa078</run_address>
         <size>0x68</size>
         <input_file_ref idref="fl-e4"/>
      </object_component>
      <object_component id="oc-573">
         <name>.text:frexp</name>
         <load_address>0xa0e0</load_address>
         <run_address>0xa0e0</run_address>
         <size>0x64</size>
         <input_file_ref idref="fl-107"/>
      </object_component>
      <object_component id="oc-5fd">
         <name>.text:fseek</name>
         <load_address>0xa144</load_address>
         <run_address>0xa144</run_address>
         <size>0x64</size>
         <input_file_ref idref="fl-10d"/>
      </object_component>
      <object_component id="oc-5a7">
         <name>.text:__TI_wrt_ok</name>
         <load_address>0xa1a8</load_address>
         <run_address>0xa1a8</run_address>
         <size>0x62</size>
         <input_file_ref idref="fl-e8"/>
      </object_component>
      <object_component id="oc-684">
         <name>.text:HOSTopen</name>
         <load_address>0xa20c</load_address>
         <run_address>0xa20c</run_address>
         <size>0x60</size>
         <input_file_ref idref="fl-115"/>
      </object_component>
      <object_component id="oc-6c0">
         <name>.text:close</name>
         <load_address>0xa26c</load_address>
         <run_address>0xa26c</run_address>
         <size>0x5c</size>
         <input_file_ref idref="fl-124"/>
      </object_component>
      <object_component id="oc-690">
         <name>.text:HOSTread</name>
         <load_address>0xa2c8</load_address>
         <run_address>0xa2c8</run_address>
         <size>0x58</size>
         <input_file_ref idref="fl-116"/>
      </object_component>
      <object_component id="oc-696">
         <name>.text:HOSTwrite</name>
         <load_address>0xa320</load_address>
         <run_address>0xa320</run_address>
         <size>0x58</size>
         <input_file_ref idref="fl-11a"/>
      </object_component>
      <object_component id="oc-4c1">
         <name>.text:_pconv_f</name>
         <load_address>0xa378</load_address>
         <run_address>0xa378</run_address>
         <size>0x56</size>
         <input_file_ref idref="fl-e5"/>
      </object_component>
      <object_component id="oc-54d">
         <name>.text:__TI_ltoa</name>
         <load_address>0xa3ce</load_address>
         <run_address>0xa3ce</run_address>
         <size>0x54</size>
         <input_file_ref idref="fl-f8"/>
      </object_component>
      <object_component id="oc-558">
         <name>.text:_ecpy</name>
         <load_address>0xa422</load_address>
         <run_address>0xa422</run_address>
         <size>0x52</size>
         <input_file_ref idref="fl-e5"/>
      </object_component>
      <object_component id="oc-5b3">
         <name>.text:__TI_doflush</name>
         <load_address>0xa474</load_address>
         <run_address>0xa474</run_address>
         <size>0x4c</size>
         <input_file_ref idref="fl-10b"/>
      </object_component>
      <object_component id="oc-4aa">
         <name>.text:atoi</name>
         <load_address>0xa4c0</load_address>
         <run_address>0xa4c0</run_address>
         <size>0x4c</size>
         <input_file_ref idref="fl-f9"/>
      </object_component>
      <object_component id="oc-3a9">
         <name>.text:HOSTtime</name>
         <load_address>0xa50c</load_address>
         <run_address>0xa50c</run_address>
         <size>0x48</size>
         <input_file_ref idref="fl-118"/>
      </object_component>
      <object_component id="oc-195">
         <name>.text:exit</name>
         <load_address>0xa554</load_address>
         <run_address>0xa554</run_address>
         <size>0x48</size>
         <input_file_ref idref="fl-f6"/>
      </object_component>
      <object_component id="oc-26c">
         <name>.text</name>
         <load_address>0xa59c</load_address>
         <run_address>0xa59c</run_address>
         <size>0x48</size>
         <input_file_ref idref="fl-ee"/>
      </object_component>
      <object_component id="oc-68a">
         <name>.text:HOSTclose</name>
         <load_address>0xa5e4</load_address>
         <run_address>0xa5e4</run_address>
         <size>0x44</size>
         <input_file_ref idref="fl-113"/>
      </object_component>
      <object_component id="oc-6a2">
         <name>.text:HOSTunlink</name>
         <load_address>0xa628</load_address>
         <run_address>0xa628</run_address>
         <size>0x44</size>
         <input_file_ref idref="fl-119"/>
      </object_component>
      <object_component id="oc-19b">
         <name>.text:__TI_auto_init_nobinit_nopinit:__TI_auto_init_nobinit_nopinit</name>
         <load_address>0xa66c</load_address>
         <run_address>0xa66c</run_address>
         <size>0x44</size>
         <input_file_ref idref="fl-10f"/>
      </object_component>
      <object_component id="oc-6e9">
         <name>.text:getdevice</name>
         <load_address>0xa6b0</load_address>
         <run_address>0xa6b0</run_address>
         <size>0x44</size>
         <input_file_ref idref="fl-11f"/>
      </object_component>
      <object_component id="oc-2a0">
         <name>.text:sprintf</name>
         <load_address>0xa6f4</load_address>
         <run_address>0xa6f4</run_address>
         <size>0x40</size>
         <input_file_ref idref="fl-e6"/>
      </object_component>
      <object_component id="oc-56b">
         <name>.text:_fcpy</name>
         <load_address>0xa734</load_address>
         <run_address>0xa734</run_address>
         <size>0x3e</size>
         <input_file_ref idref="fl-e5"/>
      </object_component>
      <object_component id="oc-480">
         <name>.text:__TI_writemsg</name>
         <load_address>0xa774</load_address>
         <run_address>0xa774</run_address>
         <size>0x38</size>
         <input_file_ref idref="fl-11b"/>
      </object_component>
      <object_component id="oc-703">
         <name>.text:strncpy</name>
         <load_address>0xa7ac</load_address>
         <run_address>0xa7ac</run_address>
         <size>0x36</size>
         <input_file_ref idref="fl-122"/>
      </object_component>
      <object_component id="oc-63b">
         <name>.text:__TI_cleanup</name>
         <load_address>0xa7e4</load_address>
         <run_address>0xa7e4</run_address>
         <size>0x34</size>
         <input_file_ref idref="fl-10c"/>
      </object_component>
      <object_component id="oc-486">
         <name>.text:__TI_readmsg</name>
         <load_address>0xa818</load_address>
         <run_address>0xa818</run_address>
         <size>0x34</size>
         <input_file_ref idref="fl-11b"/>
      </object_component>
      <object_component id="oc-58">
         <name>.text:_c_int00_noargs:_c_int00_noargs</name>
         <load_address>0xa84c</load_address>
         <run_address>0xa84c</run_address>
         <size>0x34</size>
         <input_file_ref idref="fl-105"/>
      </object_component>
      <object_component id="oc-2a6">
         <name>.text:rand</name>
         <load_address>0xa880</load_address>
         <run_address>0xa880</run_address>
         <size>0x34</size>
         <input_file_ref idref="fl-ff"/>
      </object_component>
      <object_component id="oc-709">
         <name>.text:finddevice</name>
         <load_address>0xa8b4</load_address>
         <run_address>0xa8b4</run_address>
         <size>0x30</size>
         <input_file_ref idref="fl-11f"/>
      </object_component>
      <object_component id="oc-262">
         <name>.text</name>
         <load_address>0xa8e4</load_address>
         <run_address>0xa8e4</run_address>
         <size>0x2e</size>
         <input_file_ref idref="fl-ef"/>
      </object_component>
      <object_component id="oc-6c6">
         <name>.text:unlink</name>
         <load_address>0xa914</load_address>
         <run_address>0xa914</run_address>
         <size>0x2c</size>
         <input_file_ref idref="fl-125"/>
      </object_component>
      <object_component id="oc-66a">
         <name>.text:free_list_insert</name>
         <load_address>0xa940</load_address>
         <run_address>0xa940</run_address>
         <size>0x28</size>
         <input_file_ref idref="fl-fe"/>
      </object_component>
      <object_component id="oc-627">
         <name>.text:lseek</name>
         <load_address>0xa968</load_address>
         <run_address>0xa968</run_address>
         <size>0x28</size>
         <input_file_ref idref="fl-11d"/>
      </object_component>
      <object_component id="oc-5b9">
         <name>.text:write</name>
         <load_address>0xa990</load_address>
         <run_address>0xa990</run_address>
         <size>0x28</size>
         <input_file_ref idref="fl-102"/>
      </object_component>
      <object_component id="oc-28a">
         <name>.text:srand</name>
         <load_address>0xa9b8</load_address>
         <run_address>0xa9b8</run_address>
         <size>0x24</size>
         <input_file_ref idref="fl-ff"/>
      </object_component>
      <object_component id="oc-5ad">
         <name>.text:memchr</name>
         <load_address>0xa9dc</load_address>
         <run_address>0xa9dc</run_address>
         <size>0x20</size>
         <input_file_ref idref="fl-fd"/>
      </object_component>
      <object_component id="oc-664">
         <name>.text:free_list_remove</name>
         <load_address>0xa9fc</load_address>
         <run_address>0xa9fc</run_address>
         <size>0x1c</size>
         <input_file_ref idref="fl-fe"/>
      </object_component>
      <object_component id="oc-4d3">
         <name>.text:memccpy</name>
         <load_address>0xaa18</load_address>
         <run_address>0xaa18</run_address>
         <size>0x1c</size>
         <input_file_ref idref="fl-fc"/>
      </object_component>
      <object_component id="oc-5e1">
         <name>.text:copysign</name>
         <load_address>0xaa34</load_address>
         <run_address>0xaa34</run_address>
         <size>0x1a</size>
         <input_file_ref idref="fl-10a"/>
      </object_component>
      <object_component id="oc-3df">
         <name>.text:_outs</name>
         <load_address>0xaa4e</load_address>
         <run_address>0xaa4e</run_address>
         <size>0x18</size>
         <input_file_ref idref="fl-e6"/>
      </object_component>
      <object_component id="oc-71c">
         <name>.text:strcmp</name>
         <load_address>0xaa66</load_address>
         <run_address>0xaa66</run_address>
         <size>0x18</size>
         <input_file_ref idref="fl-120"/>
      </object_component>
      <object_component id="oc-57f">
         <name>.text:strchr</name>
         <load_address>0xaa7e</load_address>
         <run_address>0xaa7e</run_address>
         <size>0x16</size>
         <input_file_ref idref="fl-100"/>
      </object_component>
      <object_component id="oc-6dc">
         <name>.text:strcpy</name>
         <load_address>0xaa94</load_address>
         <run_address>0xaa94</run_address>
         <size>0x14</size>
         <input_file_ref idref="fl-121"/>
      </object_component>
      <object_component id="oc-4a4">
         <name>.text:strlen</name>
         <load_address>0xaaa8</load_address>
         <run_address>0xaaa8</run_address>
         <size>0x14</size>
         <input_file_ref idref="fl-101"/>
      </object_component>
      <object_component id="oc-4d9">
         <name>.text:wcslen</name>
         <load_address>0xaabc</load_address>
         <run_address>0xaabc</run_address>
         <size>0x12</size>
         <input_file_ref idref="fl-109"/>
      </object_component>
      <object_component id="oc-284">
         <name>.text:__time32</name>
         <load_address>0xaace</load_address>
         <run_address>0xaace</run_address>
         <size>0xe</size>
         <input_file_ref idref="fl-104"/>
      </object_component>
      <object_component id="oc-1d">
         <name>.text:decompress:none:__TI_decompress_none</name>
         <load_address>0xaadc</load_address>
         <run_address>0xaadc</run_address>
         <size>0xe</size>
         <input_file_ref idref="fl-f4"/>
      </object_component>
      <object_component id="oc-6a">
         <name>.text</name>
         <load_address>0xaaea</load_address>
         <run_address>0xaaea</run_address>
         <size>0xe</size>
         <input_file_ref idref="fl-13"/>
      </object_component>
      <object_component id="oc-4c">
         <name>.text:decompress:ZI:__TI_zero_init</name>
         <load_address>0xaaf8</load_address>
         <run_address>0xaaf8</run_address>
         <size>0xc</size>
         <input_file_ref idref="fl-f3"/>
      </object_component>
      <object_component id="oc-3e5">
         <name>.text:_outc</name>
         <load_address>0xab04</load_address>
         <run_address>0xab04</run_address>
         <size>0xa</size>
         <input_file_ref idref="fl-e6"/>
      </object_component>
      <object_component id="oc-4df">
         <name>.text:__aeabi_errno_addr</name>
         <load_address>0xab10</load_address>
         <run_address>0xab10</run_address>
         <size>0x8</size>
         <input_file_ref idref="fl-106"/>
      </object_component>
      <object_component id="oc-635">
         <name>.text:malloc</name>
         <load_address>0xab18</load_address>
         <run_address>0xab18</run_address>
         <size>0x8</size>
         <input_file_ref idref="fl-fe"/>
      </object_component>
      <object_component id="oc-3d2">
         <name>.text:_outc</name>
         <load_address>0xab20</load_address>
         <run_address>0xab20</run_address>
         <size>0x4</size>
         <input_file_ref idref="fl-e4"/>
      </object_component>
      <object_component id="oc-3cc">
         <name>.text:_outs</name>
         <load_address>0xab24</load_address>
         <run_address>0xab24</run_address>
         <size>0x4</size>
         <input_file_ref idref="fl-e4"/>
      </object_component>
      <object_component id="oc-a5">
         <name>.text:_system_pre_init</name>
         <load_address>0xab28</load_address>
         <run_address>0xab28</run_address>
         <size>0x4</size>
         <input_file_ref idref="fl-110"/>
      </object_component>
      <object_component id="oc-18f">
         <name>.text:abort:abort</name>
         <load_address>0xab2c</load_address>
         <run_address>0xab2c</run_address>
         <size>0x4</size>
         <input_file_ref idref="fl-f6"/>
      </object_component>
      <object_component id="oc-2b5">
         <name>.const:.string:WarioWare_title_map</name>
         <load_address>0xab30</load_address>
         <run_address>0xab30</run_address>
         <size>0x8c4</size>
         <input_file_ref idref="fl-1f"/>
      </object_component>
      <object_component id="oc-2cc">
         <name>.const:.string:WarioWare_Awake_map</name>
         <load_address>0xb3f4</load_address>
         <run_address>0xb3f4</run_address>
         <size>0x6c6</size>
         <input_file_ref idref="fl-3"/>
      </object_component>
      <object_component id="oc-2df">
         <name>.const:.string:WarioWare_Cold_map</name>
         <load_address>0xbaba</load_address>
         <run_address>0xbaba</run_address>
         <size>0x6c6</size>
         <input_file_ref idref="fl-7"/>
      </object_component>
      <object_component id="oc-2d2">
         <name>.const:.string:WarioWare_Sleep_map</name>
         <load_address>0xc180</load_address>
         <run_address>0xc180</run_address>
         <size>0x6c6</size>
         <input_file_ref idref="fl-10"/>
      </object_component>
      <object_component id="oc-2e5">
         <name>.const:.string:WarioWare_Warm_map</name>
         <load_address>0xc846</load_address>
         <run_address>0xc846</run_address>
         <size>0x6c6</size>
         <input_file_ref idref="fl-20"/>
      </object_component>
      <object_component id="oc-301">
         <name>.const:.string:WarioWare_Bottle_map</name>
         <load_address>0xcf0c</load_address>
         <run_address>0xcf0c</run_address>
         <size>0x229</size>
         <input_file_ref idref="fl-5"/>
      </object_component>
      <object_component id="oc-2bc">
         <name>.const:.string:WarioWare_Bomb_map</name>
         <load_address>0xd135</load_address>
         <run_address>0xd135</run_address>
         <size>0x1fe</size>
         <input_file_ref idref="fl-4"/>
      </object_component>
      <object_component id="oc-2fa">
         <name>.const:.string:WarioWare_Arrow_map</name>
         <load_address>0xd333</load_address>
         <run_address>0xd333</run_address>
         <size>0x188</size>
         <input_file_ref idref="fl-2"/>
      </object_component>
      <object_component id="oc-296">
         <name>.const:.string:Broken_Heart_map</name>
         <load_address>0xd4bb</load_address>
         <run_address>0xd4bb</run_address>
         <size>0x108</size>
         <input_file_ref idref="fl-6"/>
      </object_component>
      <object_component id="oc-293">
         <name>.const:.string:WarioWare_Heart_map</name>
         <load_address>0xd5c3</load_address>
         <run_address>0xd5c3</run_address>
         <size>0x108</size>
         <input_file_ref idref="fl-b"/>
      </object_component>
      <object_component id="oc-53c">
         <name>.const:.string:_ctypes_</name>
         <load_address>0xd6cb</load_address>
         <run_address>0xd6cb</run_address>
         <size>0x101</size>
         <input_file_ref idref="fl-fa"/>
      </object_component>
      <object_component id="oc-30d">
         <name>.const:.string:WarioWare_Splash_map</name>
         <load_address>0xd7cc</load_address>
         <run_address>0xd7cc</run_address>
         <size>0x93</size>
         <input_file_ref idref="fl-12"/>
      </object_component>
      <object_component id="oc-307">
         <name>.const:.string:explosion_map</name>
         <load_address>0xd85f</load_address>
         <run_address>0xd85f</run_address>
         <size>0x78</size>
         <input_file_ref idref="fl-a"/>
      </object_component>
      <object_component id="oc-2ed">
         <name>.const:.string:WarioWare_Cow_map</name>
         <load_address>0xd8d7</load_address>
         <run_address>0xd8d7</run_address>
         <size>0x3c</size>
         <input_file_ref idref="fl-8"/>
      </object_component>
      <object_component id="oc-2f3">
         <name>.const:.string:WarioWare_Ship_map</name>
         <load_address>0xd913</load_address>
         <run_address>0xd913</run_address>
         <size>0x3c</size>
         <input_file_ref idref="fl-11"/>
      </object_component>
      <object_component id="oc-c7">
         <name>.const</name>
         <load_address>0xd950</load_address>
         <run_address>0xd950</run_address>
         <size>0x8</size>
         <input_file_ref idref="fl-29"/>
      </object_component>
      <object_component id="oc-2f7">
         <name>.const</name>
         <load_address>0xd958</load_address>
         <run_address>0xd958</run_address>
         <size>0x2</size>
         <input_file_ref idref="fl-2"/>
      </object_component>
      <object_component id="oc-2c9">
         <name>.const</name>
         <load_address>0xd95a</load_address>
         <run_address>0xd95a</run_address>
         <size>0x2</size>
         <input_file_ref idref="fl-3"/>
      </object_component>
      <object_component id="oc-2b9">
         <name>.const</name>
         <load_address>0xd95c</load_address>
         <run_address>0xd95c</run_address>
         <size>0x2</size>
         <input_file_ref idref="fl-4"/>
      </object_component>
      <object_component id="oc-2fe">
         <name>.const</name>
         <load_address>0xd95e</load_address>
         <run_address>0xd95e</run_address>
         <size>0x2</size>
         <input_file_ref idref="fl-5"/>
      </object_component>
      <object_component id="oc-2dc">
         <name>.const</name>
         <load_address>0xd960</load_address>
         <run_address>0xd960</run_address>
         <size>0x2</size>
         <input_file_ref idref="fl-7"/>
      </object_component>
      <object_component id="oc-2ea">
         <name>.const</name>
         <load_address>0xd962</load_address>
         <run_address>0xd962</run_address>
         <size>0x2</size>
         <input_file_ref idref="fl-8"/>
      </object_component>
      <object_component id="oc-304">
         <name>.const</name>
         <load_address>0xd964</load_address>
         <run_address>0xd964</run_address>
         <size>0x2</size>
         <input_file_ref idref="fl-a"/>
      </object_component>
      <object_component id="oc-290">
         <name>.const</name>
         <load_address>0xd966</load_address>
         <run_address>0xd966</run_address>
         <size>0x2</size>
         <input_file_ref idref="fl-b"/>
      </object_component>
      <object_component id="oc-2cf">
         <name>.const</name>
         <load_address>0xd968</load_address>
         <run_address>0xd968</run_address>
         <size>0x2</size>
         <input_file_ref idref="fl-10"/>
      </object_component>
      <object_component id="oc-2f0">
         <name>.const</name>
         <load_address>0xd96a</load_address>
         <run_address>0xd96a</run_address>
         <size>0x2</size>
         <input_file_ref idref="fl-11"/>
      </object_component>
      <object_component id="oc-30a">
         <name>.const</name>
         <load_address>0xd96c</load_address>
         <run_address>0xd96c</run_address>
         <size>0x2</size>
         <input_file_ref idref="fl-12"/>
      </object_component>
      <object_component id="oc-2b2">
         <name>.const</name>
         <load_address>0xd96e</load_address>
         <run_address>0xd96e</run_address>
         <size>0x2</size>
         <input_file_ref idref="fl-1f"/>
      </object_component>
      <object_component id="oc-2e2">
         <name>.const</name>
         <load_address>0xd970</load_address>
         <run_address>0xd970</run_address>
         <size>0x2</size>
         <input_file_ref idref="fl-20"/>
      </object_component>
      <object_component id="oc-75c">
         <name>.cinit..data.load</name>
         <load_address>0xd978</load_address>
         <run_address>0xd978</run_address>
         <size>0xd4</size>
      </object_component>
      <object_component id="oc-75a">
         <name>__TI_handler_table</name>
         <load_address>0xda4c</load_address>
         <run_address>0xda4c</run_address>
         <size>0xc</size>
      </object_component>
      <object_component id="oc-75d">
         <name>.cinit..bss.load</name>
         <load_address>0xda58</load_address>
         <run_address>0xda58</run_address>
         <size>0x8</size>
      </object_component>
      <object_component id="oc-75b">
         <name>__TI_cinit_table</name>
         <load_address>0xda60</load_address>
         <run_address>0xda60</run_address>
         <size>0x10</size>
      </object_component>
      <object_component id="oc-72e">
         <name>.binit</name>
         <load_address>0x0</load_address>
         <run_address>0x0</run_address>
         <size>0x0</size>
      </object_component>
      <object_component id="oc-271">
         <name>.data</name>
         <load_address>0x20008ac8</load_address>
         <run_address>0x20008ac8</run_address>
         <size>0x4</size>
         <input_file_ref idref="fl-f"/>
      </object_component>
      <object_component id="oc-27b">
         <name>.data:MainTheme</name>
         <load_address>0x20008910</load_address>
         <run_address>0x20008910</run_address>
         <size>0x68</size>
         <input_file_ref idref="fl-f"/>
      </object_component>
      <object_component id="oc-278">
         <name>.data:LosingTheme</name>
         <load_address>0x20008a2c</load_address>
         <run_address>0x20008a2c</run_address>
         <size>0x20</size>
         <input_file_ref idref="fl-f"/>
      </object_component>
      <object_component id="oc-275">
         <name>.data:WinningTheme</name>
         <load_address>0x200089fc</load_address>
         <run_address>0x200089fc</run_address>
         <size>0x30</size>
         <input_file_ref idref="fl-f"/>
      </object_component>
      <object_component id="oc-1cd">
         <name>.data</name>
         <load_address>0x20008ad4</load_address>
         <run_address>0x20008ad4</run_address>
         <size>0x4</size>
         <input_file_ref idref="fl-14"/>
      </object_component>
      <object_component id="oc-f3">
         <name>.data</name>
         <load_address>0x20008a7c</load_address>
         <run_address>0x20008a7c</run_address>
         <size>0x14</size>
         <input_file_ref idref="fl-17"/>
      </object_component>
      <object_component id="oc-35d">
         <name>.data</name>
         <load_address>0x20008a4c</load_address>
         <run_address>0x20008a4c</run_address>
         <size>0x18</size>
         <input_file_ref idref="fl-23"/>
      </object_component>
      <object_component id="oc-c4">
         <name>.data</name>
         <load_address>0x200089c8</load_address>
         <run_address>0x200089c8</run_address>
         <size>0x34</size>
         <input_file_ref idref="fl-27"/>
      </object_component>
      <object_component id="oc-372">
         <name>.data</name>
         <load_address>0x20008aac</load_address>
         <run_address>0x20008aac</run_address>
         <size>0xc</size>
         <input_file_ref idref="fl-28"/>
      </object_component>
      <object_component id="oc-d1">
         <name>.data</name>
         <load_address>0x20008a64</load_address>
         <run_address>0x20008a64</run_address>
         <size>0x18</size>
         <input_file_ref idref="fl-29"/>
      </object_component>
      <object_component id="oc-32b">
         <name>.data:$O1$$</name>
         <load_address>0x20008aa0</load_address>
         <run_address>0x20008aa0</run_address>
         <size>0xc</size>
         <input_file_ref idref="fl-f6"/>
      </object_component>
      <object_component id="oc-32e">
         <name>.data:$O1$$</name>
         <load_address>0x20008ab8</load_address>
         <run_address>0x20008ab8</run_address>
         <size>0x8</size>
         <input_file_ref idref="fl-f7"/>
      </object_component>
      <object_component id="oc-3c9">
         <name>.data:_ftable</name>
         <load_address>0x200087a8</load_address>
         <run_address>0x200087a8</run_address>
         <size>0xf0</size>
         <input_file_ref idref="fl-fb"/>
      </object_component>
      <object_component id="oc-67e">
         <name>.data</name>
         <load_address>0x20008a90</load_address>
         <run_address>0x20008a90</run_address>
         <size>0x10</size>
         <input_file_ref idref="fl-fb"/>
      </object_component>
      <object_component id="oc-6b4">
         <name>.data:$O1$$</name>
         <load_address>0x20008ac0</load_address>
         <run_address>0x20008ac0</run_address>
         <size>0x8</size>
         <input_file_ref idref="fl-fe"/>
      </object_component>
      <object_component id="oc-3b6">
         <name>.data</name>
         <load_address>0x20008ad0</load_address>
         <run_address>0x20008ad0</run_address>
         <size>0x4</size>
         <input_file_ref idref="fl-ff"/>
      </object_component>
      <object_component id="oc-64e">
         <name>.data:_device</name>
         <load_address>0x20008898</load_address>
         <run_address>0x20008898</run_address>
         <size>0x78</size>
         <input_file_ref idref="fl-103"/>
      </object_component>
      <object_component id="oc-60f">
         <name>.data:_stream</name>
         <load_address>0x20008978</load_address>
         <run_address>0x20008978</run_address>
         <size>0x50</size>
         <input_file_ref idref="fl-103"/>
      </object_component>
      <object_component id="oc-58f">
         <name>.data</name>
         <load_address>0x20008acc</load_address>
         <run_address>0x20008acc</run_address>
         <size>0x4</size>
         <input_file_ref idref="fl-106"/>
      </object_component>
      <object_component id="oc-363">
         <name>.bss:ucHeap</name>
         <uninitialized>true</uninitialized>
         <run_address>0x20000000</run_address>
         <size>0x8000</size>
         <input_file_ref idref="fl-23"/>
      </object_component>
      <object_component id="oc-360">
         <name>.bss:xStart</name>
         <uninitialized>true</uninitialized>
         <run_address>0x20008330</run_address>
         <size>0x8</size>
         <input_file_ref idref="fl-23"/>
      </object_component>
      <object_component id="oc-1e7">
         <name>.bss:pxReadyTasksLists</name>
         <uninitialized>true</uninitialized>
         <run_address>0x20008120</run_address>
         <size>0xc8</size>
         <input_file_ref idref="fl-27"/>
      </object_component>
      <object_component id="oc-1fc">
         <name>.bss:xDelayedTaskList1</name>
         <uninitialized>true</uninitialized>
         <run_address>0x200082b0</run_address>
         <size>0x14</size>
         <input_file_ref idref="fl-27"/>
      </object_component>
      <object_component id="oc-1ff">
         <name>.bss:xDelayedTaskList2</name>
         <uninitialized>true</uninitialized>
         <run_address>0x200082c4</run_address>
         <size>0x14</size>
         <input_file_ref idref="fl-27"/>
      </object_component>
      <object_component id="oc-1ed">
         <name>.bss</name>
         <uninitialized>true</uninitialized>
         <run_address>0x20008320</run_address>
         <size>0x8</size>
         <input_file_ref idref="fl-27"/>
      </object_component>
      <object_component id="oc-1f9">
         <name>.bss:xPendingReadyList</name>
         <uninitialized>true</uninitialized>
         <run_address>0x200082d8</run_address>
         <size>0x14</size>
         <input_file_ref idref="fl-27"/>
      </object_component>
      <object_component id="oc-1ea">
         <name>.bss:xTasksWaitingTermination</name>
         <uninitialized>true</uninitialized>
         <run_address>0x20008300</run_address>
         <size>0x14</size>
         <input_file_ref idref="fl-27"/>
      </object_component>
      <object_component id="oc-1f0">
         <name>.bss:xSuspendedTaskList</name>
         <uninitialized>true</uninitialized>
         <run_address>0x200082ec</run_address>
         <size>0x14</size>
         <input_file_ref idref="fl-27"/>
      </object_component>
      <object_component id="oc-378">
         <name>.bss:xActiveTimerList1</name>
         <uninitialized>true</uninitialized>
         <run_address>0x20008288</run_address>
         <size>0x14</size>
         <input_file_ref idref="fl-28"/>
      </object_component>
      <object_component id="oc-37b">
         <name>.bss:xActiveTimerList2</name>
         <uninitialized>true</uninitialized>
         <run_address>0x2000829c</run_address>
         <size>0x14</size>
         <input_file_ref idref="fl-28"/>
      </object_component>
      <object_component id="oc-375">
         <name>.bss</name>
         <uninitialized>true</uninitialized>
         <run_address>0x20008328</run_address>
         <size>0x8</size>
         <input_file_ref idref="fl-28"/>
      </object_component>
      <object_component id="oc-52d">
         <name>.bss:_CIOBUF_</name>
         <uninitialized>true</uninitialized>
         <run_address>0x20008000</run_address>
         <size>0x120</size>
         <input_file_ref idref="fl-11b"/>
      </object_component>
      <object_component id="oc-2c3">
         <name>.common:Lcd_ScreenWidth</name>
         <uninitialized>true</uninitialized>
         <run_address>0x2000839a</run_address>
         <size>0x2</size>
      </object_component>
      <object_component id="oc-2c6">
         <name>.common:Lcd_ScreenHeigth</name>
         <uninitialized>true</uninitialized>
         <run_address>0x20008398</run_address>
         <size>0x2</size>
      </object_component>
      <object_component id="oc-274">
         <name>.common:Queue_Song</name>
         <uninitialized>true</uninitialized>
         <run_address>0x20008350</run_address>
         <size>0x4</size>
      </object_component>
      <object_component id="oc-168">
         <name>.common:Task_Play_Song_Handle</name>
         <uninitialized>true</uninitialized>
         <run_address>0x20008378</run_address>
         <size>0x4</size>
      </object_component>
      <object_component id="oc-16b">
         <name>.common:Task_Driver_Handle</name>
         <uninitialized>true</uninitialized>
         <run_address>0x20008354</run_address>
         <size>0x4</size>
      </object_component>
      <object_component id="oc-2ac">
         <name>.common:Queue_Minigames</name>
         <uninitialized>true</uninitialized>
         <run_address>0x2000834c</run_address>
         <size>0x4</size>
      </object_component>
      <object_component id="oc-2b1">
         <name>.common:LCD_Lock</name>
         <uninitialized>true</uninitialized>
         <run_address>0x20008340</run_address>
         <size>0x4</size>
      </object_component>
      <object_component id="oc-2af">
         <name>.common:minigame</name>
         <uninitialized>true</uninitialized>
         <run_address>0x200083a0</run_address>
         <size>0x1</size>
      </object_component>
      <object_component id="oc-2ad">
         <name>.common:num_lives</name>
         <uninitialized>true</uninitialized>
         <run_address>0x20008384</run_address>
         <size>0x4</size>
      </object_component>
      <object_component id="oc-2ae">
         <name>.common:score</name>
         <uninitialized>true</uninitialized>
         <run_address>0x2000838c</run_address>
         <size>0x4</size>
      </object_component>
      <object_component id="oc-f0">
         <name>.common:allow_ADC</name>
         <uninitialized>true</uninitialized>
         <run_address>0x2000839e</run_address>
         <size>0x1</size>
      </object_component>
      <object_component id="oc-299">
         <name>.common:t</name>
         <uninitialized>true</uninitialized>
         <run_address>0x20008390</run_address>
         <size>0x4</size>
      </object_component>
      <object_component id="oc-2b0">
         <name>.common:curr_minigame</name>
         <uninitialized>true</uninitialized>
         <run_address>0x20008380</run_address>
         <size>0x4</size>
      </object_component>
      <object_component id="oc-f7">
         <name>.common:Task_Joystick_Handle</name>
         <uninitialized>true</uninitialized>
         <run_address>0x20008358</run_address>
         <size>0x4</size>
      </object_component>
      <object_component id="oc-187">
         <name>.common:Task_Joystick_Timer_Handle</name>
         <uninitialized>true</uninitialized>
         <run_address>0x2000835c</run_address>
         <size>0x4</size>
      </object_component>
      <object_component id="oc-eb">
         <name>.common:Queue_Joystick</name>
         <uninitialized>true</uninitialized>
         <run_address>0x20008348</run_address>
         <size>0x4</size>
      </object_component>
      <object_component id="oc-ee">
         <name>.common:Queue_Accelerometer</name>
         <uninitialized>true</uninitialized>
         <run_address>0x20008344</run_address>
         <size>0x4</size>
      </object_component>
      <object_component id="oc-ef">
         <name>.common:joystick</name>
         <uninitialized>true</uninitialized>
         <run_address>0x2000839f</run_address>
         <size>0x1</size>
      </object_component>
      <object_component id="oc-f6">
         <name>.common:ACCELER_ARR</name>
         <uninitialized>true</uninitialized>
         <run_address>0x20008314</run_address>
         <size>0xc</size>
      </object_component>
      <object_component id="oc-16c">
         <name>.common:Task_Minigame_1_Handle</name>
         <uninitialized>true</uninitialized>
         <run_address>0x20008360</run_address>
         <size>0x4</size>
      </object_component>
      <object_component id="oc-2c8">
         <name>.common:lux</name>
         <uninitialized>true</uninitialized>
         <run_address>0x2000839c</run_address>
         <size>0x2</size>
      </object_component>
      <object_component id="oc-16f">
         <name>.common:Task_Minigame_2_Handle</name>
         <uninitialized>true</uninitialized>
         <run_address>0x20008364</run_address>
         <size>0x4</size>
      </object_component>
      <object_component id="oc-2e8">
         <name>.common:temp</name>
         <uninitialized>true</uninitialized>
         <run_address>0x20008394</run_address>
         <size>0x4</size>
      </object_component>
      <object_component id="oc-2db">
         <name>.common:prev_temp</name>
         <uninitialized>true</uninitialized>
         <run_address>0x20008388</run_address>
         <size>0x4</size>
      </object_component>
      <object_component id="oc-172">
         <name>.common:Task_Minigame_3_Handle</name>
         <uninitialized>true</uninitialized>
         <run_address>0x20008368</run_address>
         <size>0x4</size>
      </object_component>
      <object_component id="oc-175">
         <name>.common:Task_Minigame_4_Handle</name>
         <uninitialized>true</uninitialized>
         <run_address>0x2000836c</run_address>
         <size>0x4</size>
      </object_component>
      <object_component id="oc-178">
         <name>.common:Task_Minigame_5_Handle</name>
         <uninitialized>true</uninitialized>
         <run_address>0x20008370</run_address>
         <size>0x4</size>
      </object_component>
      <object_component id="oc-17b">
         <name>.common:Task_Minigame_6_Handle</name>
         <uninitialized>true</uninitialized>
         <run_address>0x20008374</run_address>
         <size>0x4</size>
      </object_component>
      <object_component id="oc-17e">
         <name>.common:Task_Timer_Handle</name>
         <uninitialized>true</uninitialized>
         <run_address>0x2000837c</run_address>
         <size>0x4</size>
      </object_component>
      <object_component id="oc-2b8">
         <name>.common:time_available</name>
         <uninitialized>true</uninitialized>
         <run_address>0x200083a1</run_address>
         <size>0x1</size>
      </object_component>
      <object_component id="oc-6cc">
         <name>.common:__TI_tmpnams</name>
         <uninitialized>true</uninitialized>
         <run_address>0x200081e8</run_address>
         <size>0xa0</size>
      </object_component>
      <object_component id="oc-48c">
         <name>.common:parmbuf</name>
         <uninitialized>true</uninitialized>
         <run_address>0x20008338</run_address>
         <size>0x8</size>
      </object_component>
      <object_component id="oc-29">
         <name>.sysmem</name>
         <uninitialized>true</uninitialized>
         <run_address>0x200083a8</run_address>
         <size>0x10</size>
         <input_file_ref idref="fl-fe"/>
      </object_component>
      <object_component id="oc-760">
         <name>.sysmem</name>
         <uninitialized>true</uninitialized>
         <run_address>0x200083a8</run_address>
         <size>0x0</size>
      </object_component>
      <object_component id="oc-2c">
         <name>.stack</name>
         <uninitialized>true</uninitialized>
         <run_address>0x2000fe00</run_address>
         <size>0x4</size>
         <input_file_ref idref="fl-105"/>
      </object_component>
      <object_component id="oc-75f">
         <name>.stack</name>
         <uninitialized>true</uninitialized>
         <run_address>0x2000fe00</run_address>
         <size>0x0</size>
      </object_component>
      <object_component id="oc-25b">
         <name>.debug_info</name>
         <load_address>0x0</load_address>
         <run_address>0x0</run_address>
         <size>0xe5</size>
         <input_file_ref idref="fl-2"/>
      </object_component>
      <object_component id="oc-2fb">
         <name>.debug_info</name>
         <load_address>0xe5</load_address>
         <run_address>0xe5</run_address>
         <size>0xf5</size>
         <input_file_ref idref="fl-2"/>
      </object_component>
      <object_component id="oc-2f8">
         <name>.debug_info</name>
         <load_address>0x1da</load_address>
         <run_address>0x1da</run_address>
         <size>0x126</size>
         <input_file_ref idref="fl-2"/>
      </object_component>
      <object_component id="oc-105">
         <name>.debug_info</name>
         <load_address>0x300</load_address>
         <run_address>0x300</run_address>
[...]
         <value>0x9d75</value>
         <object_component_ref idref="oc-9f"/>
      </symbol>
      <symbol id="sm-f3d">
         <name>__aeabi_memset8</name>
         <value>0x9d6f</value>
         <object_component_ref idref="oc-9f"/>
      </symbol>
      <symbol id="sm-f3e">
         <name>__aeabi_memset4</name>
         <value>0x9d6f</value>
         <object_component_ref idref="oc-9f"/>
      </symbol>
      <symbol id="sm-f3f">
         <name>__aeabi_memclr8</name>
         <value>0x9d6d</value>
         <object_component_ref idref="oc-9f"/>
      </symbol>
      <symbol id="sm-f40">
         <name>__aeabi_memclr4</name>
         <value>0x9d6d</value>
         <object_component_ref idref="oc-9f"/>
      </symbol>
      <symbol id="sm-f41">
         <name>__aeabi_memclr</name>
         <value>0x9d6d</value>
         <object_component_ref idref="oc-9f"/>
      </symbol>
      <symbol id="sm-f53">
         <name>__TI_zero_init</name>
         <value>0xaaf9</value>
         <object_component_ref idref="oc-4c"/>
      </symbol>
      <symbol id="sm-f6a">
         <name>__TI_decompress_none</name>
         <value>0xaadd</value>
         <object_component_ref idref="oc-1d"/>
      </symbol>
      <symbol id="sm-f8d">
         <name>__TI_decompress_lzss</name>
         <value>0xa011</value>
         <object_component_ref idref="oc-17"/>
      </symbol>
      <symbol id="sm-fb3">
         <name>C$$EXIT</name>
         <value>0xab2d</value>
         <object_component_ref idref="oc-18f"/>
      </symbol>
      <symbol id="sm-fb4">
         <name>abort</name>
         <value>0xab2d</value>
         <object_component_ref idref="oc-18f"/>
      </symbol>
      <symbol id="sm-fb5">
         <name>__TI_dtors_ptr</name>
         <value>0x20008aa4</value>
         <object_component_ref idref="oc-32b"/>
      </symbol>
      <symbol id="sm-fb6">
         <name>__TI_cleanup_ptr</name>
         <value>0x20008aa0</value>
         <object_component_ref idref="oc-32b"/>
      </symbol>
      <symbol id="sm-fb7">
         <name>__TI_enable_exit_profile_output</name>
         <value>0x20008aa8</value>
         <object_component_ref idref="oc-32b"/>
      </symbol>
      <symbol id="sm-fb8">
         <name>exit</name>
         <value>0xa555</value>
         <object_component_ref idref="oc-195"/>
      </symbol>
      <symbol id="sm-fcd">
         <name>_nop</name>
         <value>0x3ce7</value>
         <object_component_ref idref="oc-430"/>
      </symbol>
      <symbol id="sm-fce">
         <name>_lock</name>
         <value>0x20008ab8</value>
         <object_component_ref idref="oc-32e"/>
      </symbol>
      <symbol id="sm-fcf">
         <name>_unlock</name>
         <value>0x20008abc</value>
         <object_component_ref idref="oc-32e"/>
      </symbol>
      <symbol id="sm-fde">
         <name>__TI_ltoa</name>
         <value>0xa3cf</value>
         <object_component_ref idref="oc-54d"/>
      </symbol>
      <symbol id="sm-ff4">
         <name>atoi</name>
         <value>0xa4c1</value>
         <object_component_ref idref="oc-4aa"/>
      </symbol>
      <symbol id="sm-fff">
         <name>_ctypes_</name>
         <value>0xd6cb</value>
         <object_component_ref idref="oc-53c"/>
      </symbol>
      <symbol id="sm-1014">
         <name>__TI_tmpnams</name>
         <value>0x200081e8</value>
      </symbol>
      <symbol id="sm-1015">
         <name>__aeabi_stdout</name>
         <value>0x20008a98</value>
         <object_component_ref idref="oc-67e"/>
      </symbol>
      <symbol id="sm-1016">
         <name>__aeabi_stderr</name>
         <value>0x20008a9c</value>
         <object_component_ref idref="oc-67e"/>
      </symbol>
      <symbol id="sm-1017">
         <name>__aeabi_stdin</name>
         <value>0x20008a94</value>
         <object_component_ref idref="oc-67e"/>
      </symbol>
      <symbol id="sm-1018">
         <name>_ftable</name>
         <value>0x200087a8</value>
         <object_component_ref idref="oc-3c9"/>
      </symbol>
      <symbol id="sm-1019">
         <name>__TI_ft_end</name>
         <value>0x20008a90</value>
         <object_component_ref idref="oc-67e"/>
      </symbol>
      <symbol id="sm-1029">
         <name>memccpy</name>
         <value>0xaa19</value>
         <object_component_ref idref="oc-4d3"/>
      </symbol>
      <symbol id="sm-1039">
         <name>memchr</name>
         <value>0xa9dd</value>
         <object_component_ref idref="oc-5ad"/>
      </symbol>
      <symbol id="sm-10c2">
         <name>_sys_memory</name>
         <value>0x200083a8</value>
         <object_component_ref idref="oc-29"/>
      </symbol>
      <symbol id="sm-10c3">
         <name>free</name>
         <value>0x97e1</value>
         <object_component_ref idref="oc-62f"/>
      </symbol>
      <symbol id="sm-10c4">
         <name>memalign</name>
         <value>0x95e5</value>
         <object_component_ref idref="oc-671"/>
      </symbol>
      <symbol id="sm-10c5">
         <name>malloc</name>
         <value>0xab19</value>
         <object_component_ref idref="oc-635"/>
      </symbol>
      <symbol id="sm-10c6">
         <name>aligned_alloc</name>
         <value>0x95e5</value>
         <object_component_ref idref="oc-671"/>
      </symbol>
      <symbol id="sm-10eb">
         <name>rand</name>
         <value>0xa881</value>
         <object_component_ref idref="oc-2a6"/>
      </symbol>
      <symbol id="sm-10ec">
         <name>srand</name>
         <value>0xa9b9</value>
         <object_component_ref idref="oc-28a"/>
      </symbol>
      <symbol id="sm-10fc">
         <name>strchr</name>
         <value>0xaa7f</value>
         <object_component_ref idref="oc-57f"/>
      </symbol>
      <symbol id="sm-110a">
         <name>strlen</name>
         <value>0xaaa9</value>
         <object_component_ref idref="oc-4a4"/>
      </symbol>
      <symbol id="sm-1124">
         <name>write</name>
         <value>0xa991</value>
         <object_component_ref idref="oc-5b9"/>
      </symbol>
      <symbol id="sm-1135">
         <name>_stream</name>
         <value>0x20008978</value>
         <object_component_ref idref="oc-60f"/>
      </symbol>
      <symbol id="sm-1136">
         <name>_device</name>
         <value>0x20008898</value>
         <object_component_ref idref="oc-64e"/>
      </symbol>
      <symbol id="sm-114e">
         <name>__time32</name>
         <value>0xaacf</value>
         <object_component_ref idref="oc-284"/>
      </symbol>
      <symbol id="sm-114f">
         <name>time</name>
         <value>0xaacf</value>
         <object_component_ref idref="oc-284"/>
      </symbol>
      <symbol id="sm-1162">
         <name>__stack</name>
         <value>0x2000fe00</value>
         <object_component_ref idref="oc-2c"/>
      </symbol>
      <symbol id="sm-1163">
         <name>_c_int00_noargs</name>
         <value>0xa84d</value>
         <object_component_ref idref="oc-58"/>
      </symbol>
      <symbol id="sm-1179">
         <name>__aeabi_errno_addr</name>
         <value>0xab11</value>
         <object_component_ref idref="oc-4df"/>
      </symbol>
      <symbol id="sm-117a">
         <name>errno</name>
         <value>0x20008acc</value>
         <object_component_ref idref="oc-58f"/>
      </symbol>
      <symbol id="sm-119a">
         <name>frexpl</name>
         <value>0xa0e1</value>
         <object_component_ref idref="oc-573"/>
      </symbol>
      <symbol id="sm-119b">
         <name>frexp</name>
         <value>0xa0e1</value>
         <object_component_ref idref="oc-573"/>
      </symbol>
      <symbol id="sm-11b8">
         <name>scalbn</name>
         <value>0x94d5</value>
         <object_component_ref idref="oc-579"/>
      </symbol>
      <symbol id="sm-11b9">
         <name>scalbnl</name>
         <value>0x94d5</value>
         <object_component_ref idref="oc-579"/>
      </symbol>
      <symbol id="sm-11ba">
         <name>ldexpl</name>
         <value>0x94d5</value>
         <object_component_ref idref="oc-579"/>
      </symbol>
      <symbol id="sm-11bb">
         <name>ldexp</name>
         <value>0x94d5</value>
         <object_component_ref idref="oc-579"/>
      </symbol>
      <symbol id="sm-11d4">
         <name>wcslen</name>
         <value>0xaabd</value>
         <object_component_ref idref="oc-4d9"/>
      </symbol>
      <symbol id="sm-11de">
         <name>copysign</name>
         <value>0xaa35</value>
         <object_component_ref idref="oc-5e1"/>
      </symbol>
      <symbol id="sm-11df">
         <name>copysignl</name>
         <value>0xaa35</value>
         <object_component_ref idref="oc-5e1"/>
      </symbol>
      <symbol id="sm-11ef">
         <name>__TI_doflush</name>
         <value>0xa475</value>
         <object_component_ref idref="oc-5b3"/>
      </symbol>
      <symbol id="sm-11ff">
         <name>__TI_cleanup</name>
         <value>0xa7e5</value>
         <object_component_ref idref="oc-63b"/>
      </symbol>
      <symbol id="sm-1211">
         <name>fseek</name>
         <value>0xa145</value>
         <object_component_ref idref="oc-5fd"/>
      </symbol>
      <symbol id="sm-121b">
         <name>__aeabi_idiv0</name>
         <value>0x8c2f</value>
         <object_component_ref idref="oc-5cc"/>
      </symbol>
      <symbol id="sm-121c">
         <name>__aeabi_ldiv0</name>
         <value>0x8c2f</value>
         <object_component_ref idref="oc-5cc"/>
      </symbol>
      <symbol id="sm-1244">
         <name>__TI_auto_init_nobinit_nopinit</name>
         <value>0xa66d</value>
         <object_component_ref idref="oc-19b"/>
      </symbol>
      <symbol id="sm-124e">
         <name>_system_pre_init</name>
         <value>0xab29</value>
         <object_component_ref idref="oc-a5"/>
      </symbol>
      <symbol id="sm-1261">
         <name>HOSTclose</name>
         <value>0xa5e5</value>
         <object_component_ref idref="oc-68a"/>
      </symbol>
      <symbol id="sm-1272">
         <name>HOSTlseek</name>
         <value>0x9fa9</value>
         <object_component_ref idref="oc-69c"/>
      </symbol>
      <symbol id="sm-1284">
         <name>parmbuf</name>
         <value>0x20008338</value>
      </symbol>
      <symbol id="sm-1285">
         <name>HOSTopen</name>
         <value>0xa20d</value>
         <object_component_ref idref="oc-684"/>
      </symbol>
      <symbol id="sm-1296">
         <name>HOSTread</name>
         <value>0xa2c9</value>
         <object_component_ref idref="oc-690"/>
      </symbol>
      <symbol id="sm-12a7">
         <name>HOSTrename</name>
         <value>0x9f3d</value>
         <object_component_ref idref="oc-6a8"/>
      </symbol>
      <symbol id="sm-12bf">
         <name>HOSTtime</name>
         <value>0xa50d</value>
         <object_component_ref idref="oc-3a9"/>
      </symbol>
      <symbol id="sm-12d0">
         <name>HOSTunlink</name>
         <value>0xa629</value>
         <object_component_ref idref="oc-6a2"/>
      </symbol>
      <symbol id="sm-12e1">
         <name>HOSTwrite</name>
         <value>0xa321</value>
         <object_component_ref idref="oc-696"/>
      </symbol>
      <symbol id="sm-1305">
         <name>__TI_readmsg</name>
         <value>0xa819</value>
         <object_component_ref idref="oc-486"/>
      </symbol>
      <symbol id="sm-1306">
         <name>C$$IO$$</name>
         <value>0xa7a3</value>
         <object_component_ref idref="oc-480"/>
      </symbol>
      <symbol id="sm-1307">
         <name>__CIOBUF_</name>
         <value>0x20008000</value>
         <object_component_ref idref="oc-52d"/>
      </symbol>
      <symbol id="sm-1308">
         <name>__TI_writemsg</name>
         <value>0xa775</value>
         <object_component_ref idref="oc-480"/>
      </symbol>
      <symbol id="sm-1319">
         <name>lseek</name>
         <value>0xa969</value>
         <object_component_ref idref="oc-627"/>
      </symbol>
      <symbol id="sm-132e">
         <name>__TI_closefile</name>
         <value>0x9de9</value>
         <object_component_ref idref="oc-678"/>
      </symbol>
      <symbol id="sm-1351">
         <name>finddevice</name>
         <value>0xa8b5</value>
         <object_component_ref idref="oc-709"/>
      </symbol>
      <symbol id="sm-1352">
         <name>getdevice</name>
         <value>0xa6b1</value>
         <object_component_ref idref="oc-6e9"/>
      </symbol>
      <symbol id="sm-1361">
         <name>strcmp</name>
         <value>0xaa67</value>
         <object_component_ref idref="oc-71c"/>
      </symbol>
      <symbol id="sm-136f">
         <name>strcpy</name>
         <value>0xaa95</value>
         <object_component_ref idref="oc-6dc"/>
      </symbol>
      <symbol id="sm-137f">
         <name>strncpy</name>
         <value>0xa7ad</value>
         <object_component_ref idref="oc-703"/>
      </symbol>
      <symbol id="sm-1394">
         <name>close</name>
         <value>0xa26d</value>
         <object_component_ref idref="oc-6c0"/>
      </symbol>
      <symbol id="sm-13a4">
         <name>unlink</name>
         <value>0xa915</value>
         <object_component_ref idref="oc-6c6"/>
      </symbol>
      <symbol id="sm-13a5">
         <name>__TI_static_base__</name>
         <value>0x0</value>
      </symbol>
      <symbol id="sm-13a8">
         <name>__mpu_init</name>
         <value>0x0</value>
      </symbol>
      <symbol id="sm-13a9">
         <name>_system_post_cinit</name>
         <value>0x0</value>
      </symbol>
      <symbol id="sm-13aa">
         <name>NMI_Handler</name>
         <value>0xaaf7</value>
      </symbol>
      <symbol id="sm-13ab">
         <name>HardFault_Handler</name>
         <value>0xaaf7</value>
      </symbol>
      <symbol id="sm-13ac">
         <name>MemManage_Handler</name>
         <value>0xaaf7</value>
      </symbol>
      <symbol id="sm-13ad">
         <name>BusFault_Handler</name>
         <value>0xaaf7</value>
      </symbol>
      <symbol id="sm-13ae">
         <name>UsageFault_Handler</name>
         <value>0xaaf7</value>
      </symbol>
      <symbol id="sm-13af">
         <name>SVC_Handler</name>
         <value>0xaaf7</value>
      </symbol>
      <symbol id="sm-13b0">
         <name>DebugMon_Handler</name>
         <value>0xaaf7</value>
      </symbol>
      <symbol id="sm-13b1">
         <name>PendSV_Handler</name>
         <value>0xaaf7</value>
      </symbol>
      <symbol id="sm-13b2">
         <name>SysTick_Handler</name>
         <value>0xaaf7</value>
      </symbol>
      <symbol id="sm-13b3">
         <name>PSS_IRQHandler</name>
         <value>0xaaf7</value>
      </symbol>
      <symbol id="sm-13b4">
         <name>CS_IRQHandler</name>
         <value>0xaaf7</value>
      </symbol>
      <symbol id="sm-13b5">
         <name>PCM_IRQHandler</name>
         <value>0xaaf7</value>
      </symbol>
      <symbol id="sm-13b6">
         <name>WDT_A_IRQHandler</name>
         <value>0xaaf7</value>
      </symbol>
      <symbol id="sm-13b7">
         <name>FPU_IRQHandler</name>
         <value>0xaaf7</value>
      </symbol>
      <symbol id="sm-13b8">
         <name>FLCTL_IRQHandler</name>
         <value>0xaaf7</value>
      </symbol>
      <symbol id="sm-13b9">
         <name>COMP_E0_IRQHandler</name>
         <value>0xaaf7</value>
      </symbol>
      <symbol id="sm-13ba">
         <name>COMP_E1_IRQHandler</name>
         <value>0xaaf7</value>
      </symbol>
      <symbol id="sm-13bb">
         <name>TA0_0_IRQHandler</name>
         <value>0xaaf7</value>
      </symbol>
      <symbol id="sm-13bc">
         <name>TA0_N_IRQHandler</name>
         <value>0xaaf7</value>
      </symbol>
      <symbol id="sm-13bd">
         <name>TA1_0_IRQHandler</name>
         <value>0xaaf7</value>
      </symbol>
      <symbol id="sm-13be">
         <name>TA1_N_IRQHandler</name>
         <value>0xaaf7</value>
      </symbol>
      <symbol id="sm-13bf">
         <name>TA2_0_IRQHandler</name>
         <value>0xaaf7</value>
      </symbol>
      <symbol id="sm-13c0">
         <name>TA2_N_IRQHandler</name>
         <value>0xaaf7</value>
      </symbol>
      <symbol id="sm-13c1">
         <name>TA3_0_IRQHandler</name>
         <value>0xaaf7</value>
      </symbol>
      <symbol id="sm-13c2">
         <name>TA3_N_IRQHandler</name>
         <value>0xaaf7</value>
      </symbol>
      <symbol id="sm-13c3">
         <name>EUSCIA0_IRQHandler</name>
         <value>0xaaf7</value>
      </symbol>
      <symbol id="sm-13c4">
         <name>EUSCIA1_IRQHandler</name>
         <value>0xaaf7</value>
      </symbol>
      <symbol id="sm-13c5">
         <name>EUSCIA2_IRQHandler</name>
         <value>0xaaf7</value>
      </symbol>
      <symbol id="sm-13c6">
         <name>EUSCIA3_IRQHandler</name>
         <value>0xaaf7</value>
      </symbol>
      <symbol id="sm-13c7">
         <name>EUSCIB0_IRQHandler</name>
         <value>0xaaf7</value>
      </symbol>
      <symbol id="sm-13c8">
         <name>EUSCIB1_IRQHandler</name>
         <value>0xaaf7</value>
      </symbol>
      <symbol id="sm-13c9">
         <name>EUSCIB2_IRQHandler</name>
         <value>0xaaf7</value>
      </symbol>
      <symbol id="sm-13ca">
         <name>EUSCIB3_IRQHandler</name>
         <value>0xaaf7</value>
      </symbol>
      <symbol id="sm-13cb">
         <name>ADC14_IRQHandler</name>
         <value>0x7f3f</value>
      </symbol>
      <symbol id="sm-13cc">
         <name>T32_INT1_IRQHandler</name>
         <value>0xaaf7</value>
      </symbol>
      <symbol id="sm-13cd">
         <name>T32_INT2_IRQHandler</name>
         <value>0xaaf7</value>
      </symbol>
      <symbol id="sm-13ce">
         <name>T32_INTC_IRQHandler</name>
         <value>0xaaf7</value>
      </symbol>
      <symbol id="sm-13cf">
         <name>AES256_IRQHandler</name>
         <value>0xaaf7</value>
      </symbol>
      <symbol id="sm-13d0">
         <name>RTC_C_IRQHandler</name>
         <value>0xaaf7</value>
      </symbol>
      <symbol id="sm-13d1">
         <name>DMA_ERR_IRQHandler</name>
         <value>0xaaf7</value>
      </symbol>
      <symbol id="sm-13d2">
         <name>DMA_INT3_IRQHandler</name>
         <value>0xaaf7</value>
      </symbol>
      <symbol id="sm-13d3">
         <name>DMA_INT2_IRQHandler</name>
         <value>0xaaf7</value>
      </symbol>
      <symbol id="sm-13d4">
         <name>DMA_INT1_IRQHandler</name>
         <value>0xaaf7</value>
      </symbol>
      <symbol id="sm-13d5">
         <name>DMA_INT0_IRQHandler</name>
         <value>0xaaf7</value>
      </symbol>
      <symbol id="sm-13d6">
         <name>PORT1_IRQHandler</name>
         <value>0xaaf7</value>
      </symbol>
      <symbol id="sm-13d7">
         <name>PORT2_IRQHandler</name>
         <value>0xaaf7</value>
      </symbol>
      <symbol id="sm-13d8">
         <name>PORT3_IRQHandler</name>
         <value>0xaaf7</value>
      </symbol>
      <symbol id="sm-13d9">
         <name>PORT4_IRQHandler</name>
         <value>0xaaf7</value>
      </symbol>
      <symbol id="sm-13da">
         <name>PORT5_IRQHandler</name>
         <value>0xaaf7</value>
      </symbol>
      <symbol id="sm-13db">
         <name>PORT6_IRQHandler</name>
         <value>0xaaf7</value>
      </symbol>
      <symbol id="sm-13dc">
         <name>remove</name>
         <value>0xa915</value>
      </symbol>
   </symbol_table>
   <title>Link successful</title>
</link_info>
