******************************************************************************
                  TI ARM Linker PC v20.2.2                     
******************************************************************************
>> Linked Sun Nov  8 18:17:34 2020

OUTPUT FILE NAME:   <FreeRTOS-base.out>
ENTRY POINT SYMBOL: "_c_int00_noargs"  address: 00004b25


MEMORY CONFIGURATION

         name            origin    length      used     unused   attr    fill
----------------------  --------  ---------  --------  --------  ----  --------
  MAIN                  00000000   00040000  00004bd0  0003b430  R  X
  INFO                  00200000   00004000  00000000  00004000  R  X
  SRAM_CODE             01000000   00010000  000083e8  00007c18  RW X
  SRAM_DATA             20000000   00010000  000083e8  00007c18  RW  


SEGMENT ALLOCATION MAP

run origin  load origin   length   init length attrs members
----------  ----------- ---------- ----------- ----- -------
00000000    00000000    00004bd0   00004bd0    r-x
  00000000    00000000    000000e4   000000e4    r-- .intvecs
  000000e4    000000e4    00004aa4   00004aa4    r-x .text
  00004b88    00004b88    00000008   00000008    r-- .const
  00004b90    00004b90    00000040   00000040    r-- .cinit
20000000    20000000    000081e8   00000000    rw-
  20000000    20000000    0000816c   00000000    rw- .bss
  2000816c    2000816c    0000007c   00000000    rw- .data
2000fe00    2000fe00    00000200   00000000    rw-
  2000fe00    2000fe00    00000200   00000000    rw- .stack


SECTION ALLOCATION MAP

 output                                  attributes/
section   page    origin      length       input sections
--------  ----  ----------  ----------   ----------------
.intvecs   0    00000000    000000e4     
                  00000000    000000e4     startup_msp432p401r_ccs.obj (.intvecs:retain)

.text      0    000000e4    00004aa4     
                  000000e4    000020c4     tasks.obj (.text)
                  000021a8    000010f0     queue.obj (.text)
                  00003298    000007a4     timers.obj (.text)
                  00003a3c    00000438     port.obj (.text)
                  00003e74    0000042c     heap_4.obj (.text)
                  000042a0    00000354     system_msp432p401r.obj (.text)
                  000045f4    00000168     main.obj (.text)
                  0000475c    0000012a     list.obj (.text)
                  00004886    00000002     --HOLE-- [fill = 0]
                  00004888    000000da     portasm.obj (.text)
                  00004962    0000009c     rtsv7M4_T_le_v4SPD16_eabi.lib : memcpy_t2.asm.obj (.text)
                  000049fe    0000007a                                   : memset_t2.asm.obj (.text)
                  00004a78    00000068                                   : copy_decompress_lzss.c.obj (.text:decompress:lzss:__TI_decompress_lzss)
                  00004ae0    00000044                                   : autoinit.c.obj (.text:__TI_auto_init_nobinit_nopinit:__TI_auto_init_nobinit_nopinit)
                  00004b24    00000034                                   : boot_cortex_m.c.obj (.text:_c_int00_noargs:_c_int00_noargs)
                  00004b58    0000000e                                   : copy_decompress_none.c.obj (.text:decompress:none:__TI_decompress_none)
                  00004b66    0000000e     startup_msp432p401r_ccs.obj (.text)
                  00004b74    0000000c     rtsv7M4_T_le_v4SPD16_eabi.lib : copy_zero_init.c.obj (.text:decompress:ZI:__TI_zero_init)
                  00004b80    00000004                                   : pre_init.c.obj (.text:_system_pre_init)
                  00004b84    00000004                                   : exit.c.obj (.text:abort:abort)

.const     0    00004b88    00000008     
                  00004b88    00000008     port.obj (.const)

.cinit     0    00004b90    00000040     
                  00004b90    00000017     (.cinit..data.load) [load image, compression = lzss]
                  00004ba7    00000001     --HOLE-- [fill = 0]
                  00004ba8    0000000c     (__TI_handler_table)
                  00004bb4    00000004     --HOLE-- [fill = 0]
                  00004bb8    00000008     (.cinit..bss.load) [load image, compression = zero_init]
                  00004bc0    00000010     (__TI_cinit_table)

.init_array 
*          0    00000000    00000000     UNINITIALIZED

.binit     0    00000000    00000000     

.bss       0    20000000    0000816c     UNINITIALIZED
                  20000000    00008000     heap_4.obj (.bss:ucHeap)
                  20008000    000000c8     tasks.obj (.bss:pxReadyTasksLists)
                  200080c8    00000014     timers.obj (.bss:xActiveTimerList1)
                  200080dc    00000014     timers.obj (.bss:xActiveTimerList2)
                  200080f0    00000014     tasks.obj (.bss:xDelayedTaskList1)
                  20008104    00000014     tasks.obj (.bss:xDelayedTaskList2)
                  20008118    00000014     tasks.obj (.bss:xPendingReadyList)
                  2000812c    00000014     tasks.obj (.bss:xSuspendedTaskList)
                  20008140    00000014     tasks.obj (.bss:xTasksWaitingTermination)
                  20008154    00000008     tasks.obj (.bss)
                  2000815c    00000008     timers.obj (.bss)
                  20008164    00000008     heap_4.obj (.bss:xStart)

.data      0    2000816c    0000007c     UNINITIALIZED
                  2000816c    00000034     tasks.obj (.data)
                  200081a0    00000018     heap_4.obj (.data)
                  200081b8    00000018     port.obj (.data)
                  200081d0    0000000c     timers.obj (.data)
                  200081dc    00000008     main.obj (.data)
                  200081e4    00000004     system_msp432p401r.obj (.data)

.stack     0    2000fe00    00000200     UNINITIALIZED
                  2000fe00    00000004     rtsv7M4_T_le_v4SPD16_eabi.lib : boot_cortex_m.c.obj (.stack)
                  2000fe04    000001fc     --HOLE--

__llvm_prf_cnts 
*          0    20000000    00000000     UNINITIALIZED

MODULE SUMMARY

       Module                        code    ro data   rw data
       ------                        ----    -------   -------
    .\
       system_msp432p401r.obj        852     0         8      
       main.obj                      360     0         16     
       startup_msp432p401r_ccs.obj   14      228       0      
    +--+-----------------------------+-------+---------+---------+
       Total:                        1226    228       24     
                                                              
    .\FreeRTOS\
       heap_4.obj                    1068    0         65600  
       tasks.obj                     8388    0         720    
       queue.obj                     4336    0         0      
       timers.obj                    1956    0         120    
       list.obj                      298     0         0      
    +--+-----------------------------+-------+---------+---------+
       Total:                        16046   0         66440  
                                                              
    .\FreeRTOS\portable\
       port.obj                      1080    8         48     
       portasm.obj                   218     0         0      
    +--+-----------------------------+-------+---------+---------+
       Total:                        1298    8         48     
                                                              
    C:\ti\ccs1010\ccs\tools\compiler\ti-cgt-arm_20.2.2.LTS\lib\rtsv7M4_T_le_v4SPD16_eabi.lib
       memcpy_t2.asm.obj             156     0         0      
       memset_t2.asm.obj             122     0         0      
       copy_decompress_lzss.c.obj    104     0         0      
       autoinit.c.obj                68      0         0      
       boot_cortex_m.c.obj           52      0         0      
       copy_decompress_none.c.obj    14      0         0      
       copy_zero_init.c.obj          12      0         0      
       exit.c.obj                    4       0         0      
       pre_init.c.obj                4       0         0      
    +--+-----------------------------+-------+---------+---------+
       Total:                        536     0         0      
                                                              
       Stack:                        0       0         1024   
       Linker Generated:             0       59        0      
    +--+-----------------------------+-------+---------+---------+
       Grand Total:                  19106   295       67536  


LINKER GENERATED COPY TABLES

__TI_cinit_table @ 00004bc0 records: 2, size/record: 8, table size: 16
	.data: load addr=00004b90, load size=00000017 bytes, run addr=2000816c, run size=0000007c bytes, compression=lzss
	.bss: load addr=00004bb8, load size=00000008 bytes, run addr=20000000, run size=0000816c bytes, compression=zero_init


LINKER GENERATED HANDLER TABLE

__TI_handler_table @ 00004ba8 records: 3, size/record: 4, table size: 12
	index: 0, handler: __TI_decompress_lzss
	index: 1, handler: __TI_decompress_none
	index: 2, handler: __TI_zero_init


GLOBAL SYMBOLS: SORTED ALPHABETICALLY BY Name 

address   name                               
-------   ----                               
00004b73  ADC14_IRQHandler                   
00004b73  AES256_IRQHandler                  
00004b73  BusFault_Handler                   
00004b85  C$$EXIT                            
00004b73  COMP_E0_IRQHandler                 
00004b73  COMP_E1_IRQHandler                 
00004b73  CS_IRQHandler                      
00004b73  DMA_ERR_IRQHandler                 
00004b73  DMA_INT0_IRQHandler                
00004b73  DMA_INT1_IRQHandler                
00004b73  DMA_INT2_IRQHandler                
00004b73  DMA_INT3_IRQHandler                
00004b73  DebugMon_Handler                   
00004b73  Default_Handler                    
00004b73  EUSCIA0_IRQHandler                 
00004b73  EUSCIA1_IRQHandler                 
00004b73  EUSCIA2_IRQHandler                 
00004b73  EUSCIA3_IRQHandler                 
00004b73  EUSCIB0_IRQHandler                 
00004b73  EUSCIB1_IRQHandler                 
00004b73  EUSCIB2_IRQHandler                 
00004b73  EUSCIB3_IRQHandler                 
00004b73  FLCTL_IRQHandler                   
00004b73  FPU_IRQHandler                     
00004b73  HardFault_Handler                  
00004b73  MemManage_Handler                  
00004b73  NMI_Handler                        
00004b73  PCM_IRQHandler                     
00004b73  PORT1_IRQHandler                   
00004b73  PORT2_IRQHandler                   
00004b73  PORT3_IRQHandler                   
00004b73  PORT4_IRQHandler                   
00004b73  PORT5_IRQHandler                   
00004b73  PORT6_IRQHandler                   
00004b73  PSS_IRQHandler                     
00004b73  PendSV_Handler                     
00004b73  RTC_C_IRQHandler                   
00004b67  Reset_Handler                      
00004b73  SVC_Handler                        
00004b73  SysTick_Handler                    
200081e4  SystemCoreClock                    
000042a1  SystemCoreClockUpdate              
00004519  SystemInit                         
00004b73  T32_INT1_IRQHandler                
00004b73  T32_INT2_IRQHandler                
00004b73  T32_INTC_IRQHandler                
00004b73  TA0_0_IRQHandler                   
00004b73  TA0_N_IRQHandler                   
00004b73  TA1_0_IRQHandler                   
00004b73  TA1_N_IRQHandler                   
00004b73  TA2_0_IRQHandler                   
00004b73  TA2_N_IRQHandler                   
00004b73  TA3_0_IRQHandler                   
00004b73  TA3_N_IRQHandler                   
00004621  Task_Blink_LED1                    
200081dc  Task_Blink_LED1_Handle             
00004671  Task_Blink_RGB_BLUE                
200081e0  Task_Blink_RGB_BLUE_Handle         
00004b73  UsageFault_Handler                 
4000480c  WDTCTL_SYM                         
00004b73  WDT_A_IRQHandler                   
20010000  __STACK_END                        
00000200  __STACK_SIZE                       
00004bc0  __TI_CINIT_Base                    
00004bd0  __TI_CINIT_Limit                   
00004ba8  __TI_Handler_Table_Base            
00004bb4  __TI_Handler_Table_Limit           
00004ae1  __TI_auto_init_nobinit_nopinit     
00004a79  __TI_decompress_lzss               
00004b59  __TI_decompress_none               
ffffffff  __TI_pprof_out_hndl                
ffffffff  __TI_prof_data_size                
ffffffff  __TI_prof_data_start               
00000000  __TI_static_base__                 
00004b75  __TI_zero_init                     
000049ff  __aeabi_memclr                     
000049ff  __aeabi_memclr4                    
000049ff  __aeabi_memclr8                    
00004963  __aeabi_memcpy                     
00004963  __aeabi_memcpy4                    
00004963  __aeabi_memcpy8                    
00004a01  __aeabi_memset                     
00004a01  __aeabi_memset4                    
00004a01  __aeabi_memset8                    
ffffffff  __binit__                          
ffffffff  __c_args__                         
UNDEFED   __mpu_init                         
2000fe00  __stack                            
20000000  __start___llvm_prf_cnts            
20000000  __stop___llvm_prf_cnts             
00004b25  _c_int00_noargs                    
UNDEFED   _system_post_cinit                 
00004b81  _system_pre_init                   
00004b85  abort                              
ffffffff  binit                              
000045f5  blink_led1_hw_init                 
0000460b  blink_rgb_blue_hw_init             
000013fd  eTaskConfirmSleepModeStatus        
00000539  eTaskGetState                      
00000000  interruptVectors                   
000046c1  main                               
00004963  memcpy                             
00004a07  memset                             
00000bd5  pcTaskGetName                      
000034f3  pcTimerGetName                     
00003e75  pvPortMalloc                       
000014a1  pvTaskGetThreadLocalStoragePointer 
00001a55  pvTaskIncrementMutexHeldCount      
000039ad  pvTimerGetTimerID                  
2000816c  pxCurrentTCB                       
00003a3d  pxPortInitialiseStack              
00002faf  ucQueueGetQueueType                
00004b88  ulMaxSyscallInterruptPriority      
00004899  ulPortGetIPSR                      
00001a75  ulTaskGenericNotifyTake            
000020a3  ulTaskGenericNotifyValueClear      
0000483f  uxListRemove                       
00002f8f  uxQueueGetQueueNumber              
00002edd  uxQueueMessagesWaiting             
00002f41  uxQueueMessagesWaitingFromISR      
00002f0d  uxQueueSpacesAvailable             
00000bcf  uxTaskGetNumberOfTasks             
00000c1d  uxTaskGetSystemState               
00001361  uxTaskGetTaskNumber                
00000611  uxTaskPriorityGet                  
00000639  uxTaskPriorityGetFromISR           
00001a33  uxTaskResetEventItemValue          
0000348d  uxTimerGetReloadMode               
00003a09  uxTimerGetTimerNumber              
00004705  vApplicationMallocFailedHook       
00004707  vApplicationStackOverflowHook      
0000475d  vListInitialise                    
0000478d  vListInitialiseItem                
000047d9  vListInsert                        
0000479d  vListInsertEnd                     
00004955  vPortEnableVFP                     
00003b81  vPortEndScheduler                  
00003ba5  vPortEnterCritical                 
00003be7  vPortExitCritical                  
00003fdf  vPortFree                          
000041e1  vPortGetHeapStats                  
00004085  vPortInitialiseBlocks              
00004911  vPortSVCHandler                    
00003d99  vPortSetupTimerInterrupt           
00004931  vPortStartFirstTask                
00003c41  vPortSuppressTicksAndSleep         
00003de1  vPortValidateInterruptPriority     
00002f6b  vQueueDelete                       
00002f9d  vQueueSetQueueNumber               
0000323d  vQueueWaitForMessageRestricted     
000004d1  vTaskDelay                         
000003ed  vTaskDelayUntil                    
00000323  vTaskDelete                        
00000a25  vTaskEndScheduler                  
00001f35  vTaskGenericNotifyGiveFromISR      
00001575  vTaskGetInfo                       
0000128d  vTaskInternalSetTimeOutState       
00001359  vTaskMissedYield                   
00001059  vTaskPlaceOnEventList              
000010f5  vTaskPlaceOnEventListRestricted    
0000108d  vTaskPlaceOnUnorderedEventList     
00001939  vTaskPriorityDisinheritAfterTimeout
0000067d  vTaskPrioritySet                   
000011c5  vTaskRemoveFromUnorderedEventList  
00000915  vTaskResume                        
00000eb1  vTaskSetApplicationTaskTag         
00001381  vTaskSetTaskNumber                 
00001459  vTaskSetThreadLocalStoragePointer  
0000125b  vTaskSetTimeOutState               
000009a9  vTaskStartScheduler                
00000cf9  vTaskStepTick                      
000007b1  vTaskSuspend                       
00000a41  vTaskSuspendAll                    
00000f89  vTaskSwitchContext                 
00003443  vTimerSetReloadMode                
000039db  vTimerSetTimerID                   
00003a17  vTimerSetTimerNumber               
00004079  xPortGetFreeHeapSize               
0000407f  xPortGetMinimumEverFreeHeapSize    
000048b1  xPortPendSVHandler                 
00003ac9  xPortStartScheduler                
00003c13  xPortSysTickHandler                
00002427  xQueueCreateCountingSemaphore      
00002353  xQueueCreateMutex                  
0000225d  xQueueGenericCreate                
000021a9  xQueueGenericReset                 
00002485  xQueueGenericSend                  
00002639  xQueueGenericSendFromISR           
00002765  xQueueGiveFromISR                  
0000237f  xQueueGiveMutexRecursive           
000031a9  xQueueIsQueueEmptyFromISR          
00003203  xQueueIsQueueFullFromISR           
00002bbd  xQueuePeek                         
00002e31  xQueuePeekFromISR                  
00002873  xQueueReceive                      
00002d3b  xQueueReceiveFromISR               
000029eb  xQueueSemaphoreTake                
000023cf  xQueueTakeMutexRecursive           
00000f49  xTaskCallApplicationTaskHook       
00000d33  xTaskCatchUpTicks                  
000012a7  xTaskCheckForTimeOut               
000000e5  xTaskCreate                        
00001c11  xTaskGenericNotify                 
00001d87  xTaskGenericNotifyFromISR          
0000203f  xTaskGenericNotifyStateClear       
00001b2d  xTaskGenericNotifyWait             
00000ed7  xTaskGetApplicationTaskTag         
00000f05  xTaskGetApplicationTaskTagFromISR  
0000174b  xTaskGetCurrentTaskHandle          
0000175b  xTaskGetSchedulerState             
00000bab  xTaskGetTickCount                  
00000bbb  xTaskGetTickCountFromISR           
00000d85  xTaskIncrementTick                 
0000186d  xTaskPriorityDisinherit            
000017a5  xTaskPriorityInherit               
00001135  xTaskRemoveFromEventList           
00000aa9  xTaskResumeAll                     
000032d9  xTimerCreate                       
00003299  xTimerCreateTimerTask              
0000337b  xTimerGenericCommand               
000034c9  xTimerGetExpiryTime                
0000341d  xTimerGetPeriod                    
000033fb  xTimerGetTimerDaemonTaskHandle     
00003971  xTimerIsTimerActive                


GLOBAL SYMBOLS: SORTED BY Symbol Address 

address   name                               
-------   ----                               
00000000  __TI_static_base__                 
00000000  interruptVectors                   
000000e5  xTaskCreate                        
00000200  __STACK_SIZE                       
00000323  vTaskDelete                        
000003ed  vTaskDelayUntil                    
000004d1  vTaskDelay                         
00000539  eTaskGetState                      
00000611  uxTaskPriorityGet                  
00000639  uxTaskPriorityGetFromISR           
0000067d  vTaskPrioritySet                   
000007b1  vTaskSuspend                       
00000915  vTaskResume                        
000009a9  vTaskStartScheduler                
00000a25  vTaskEndScheduler                  
00000a41  vTaskSuspendAll                    
00000aa9  xTaskResumeAll                     
00000bab  xTaskGetTickCount                  
00000bbb  xTaskGetTickCountFromISR           
00000bcf  uxTaskGetNumberOfTasks             
00000bd5  pcTaskGetName                      
00000c1d  uxTaskGetSystemState               
00000cf9  vTaskStepTick                      
00000d33  xTaskCatchUpTicks                  
00000d85  xTaskIncrementTick                 
00000eb1  vTaskSetApplicationTaskTag         
00000ed7  xTaskGetApplicationTaskTag         
00000f05  xTaskGetApplicationTaskTagFromISR  
00000f49  xTaskCallApplicationTaskHook       
00000f89  vTaskSwitchContext                 
00001059  vTaskPlaceOnEventList              
0000108d  vTaskPlaceOnUnorderedEventList     
000010f5  vTaskPlaceOnEventListRestricted    
00001135  xTaskRemoveFromEventList           
000011c5  vTaskRemoveFromUnorderedEventList  
0000125b  vTaskSetTimeOutState               
0000128d  vTaskInternalSetTimeOutState       
000012a7  xTaskCheckForTimeOut               
00001359  vTaskMissedYield                   
00001361  uxTaskGetTaskNumber                
00001381  vTaskSetTaskNumber                 
000013fd  eTaskConfirmSleepModeStatus        
00001459  vTaskSetThreadLocalStoragePointer  
000014a1  pvTaskGetThreadLocalStoragePointer 
00001575  vTaskGetInfo                       
0000174b  xTaskGetCurrentTaskHandle          
0000175b  xTaskGetSchedulerState             
000017a5  xTaskPriorityInherit               
0000186d  xTaskPriorityDisinherit            
00001939  vTaskPriorityDisinheritAfterTimeout
00001a33  uxTaskResetEventItemValue          
00001a55  pvTaskIncrementMutexHeldCount      
00001a75  ulTaskGenericNotifyTake            
00001b2d  xTaskGenericNotifyWait             
00001c11  xTaskGenericNotify                 
00001d87  xTaskGenericNotifyFromISR          
00001f35  vTaskGenericNotifyGiveFromISR      
0000203f  xTaskGenericNotifyStateClear       
000020a3  ulTaskGenericNotifyValueClear      
000021a9  xQueueGenericReset                 
0000225d  xQueueGenericCreate                
00002353  xQueueCreateMutex                  
0000237f  xQueueGiveMutexRecursive           
000023cf  xQueueTakeMutexRecursive           
00002427  xQueueCreateCountingSemaphore      
00002485  xQueueGenericSend                  
00002639  xQueueGenericSendFromISR           
00002765  xQueueGiveFromISR                  
00002873  xQueueReceive                      
000029eb  xQueueSemaphoreTake                
00002bbd  xQueuePeek                         
00002d3b  xQueueReceiveFromISR               
00002e31  xQueuePeekFromISR                  
00002edd  uxQueueMessagesWaiting             
00002f0d  uxQueueSpacesAvailable             
00002f41  uxQueueMessagesWaitingFromISR      
00002f6b  vQueueDelete                       
00002f8f  uxQueueGetQueueNumber              
00002f9d  vQueueSetQueueNumber               
00002faf  ucQueueGetQueueType                
000031a9  xQueueIsQueueEmptyFromISR          
00003203  xQueueIsQueueFullFromISR           
0000323d  vQueueWaitForMessageRestricted     
00003299  xTimerCreateTimerTask              
000032d9  xTimerCreate                       
0000337b  xTimerGenericCommand               
000033fb  xTimerGetTimerDaemonTaskHandle     
0000341d  xTimerGetPeriod                    
00003443  vTimerSetReloadMode                
0000348d  uxTimerGetReloadMode               
000034c9  xTimerGetExpiryTime                
000034f3  pcTimerGetName                     
00003971  xTimerIsTimerActive                
000039ad  pvTimerGetTimerID                  
000039db  vTimerSetTimerID                   
00003a09  uxTimerGetTimerNumber              
00003a17  vTimerSetTimerNumber               
00003a3d  pxPortInitialiseStack              
00003ac9  xPortStartScheduler                
00003b81  vPortEndScheduler                  
00003ba5  vPortEnterCritical                 
00003be7  vPortExitCritical                  
00003c13  xPortSysTickHandler                
00003c41  vPortSuppressTicksAndSleep         
00003d99  vPortSetupTimerInterrupt           
00003de1  vPortValidateInterruptPriority     
00003e75  pvPortMalloc                       
00003fdf  vPortFree                          
00004079  xPortGetFreeHeapSize               
0000407f  xPortGetMinimumEverFreeHeapSize    
00004085  vPortInitialiseBlocks              
000041e1  vPortGetHeapStats                  
000042a1  SystemCoreClockUpdate              
00004519  SystemInit                         
000045f5  blink_led1_hw_init                 
0000460b  blink_rgb_blue_hw_init             
00004621  Task_Blink_LED1                    
00004671  Task_Blink_RGB_BLUE                
000046c1  main                               
00004705  vApplicationMallocFailedHook       
00004707  vApplicationStackOverflowHook      
0000475d  vListInitialise                    
0000478d  vListInitialiseItem                
0000479d  vListInsertEnd                     
000047d9  vListInsert                        
0000483f  uxListRemove                       
00004899  ulPortGetIPSR                      
000048b1  xPortPendSVHandler                 
00004911  vPortSVCHandler                    
00004931  vPortStartFirstTask                
00004955  vPortEnableVFP                     
00004963  __aeabi_memcpy                     
00004963  __aeabi_memcpy4                    
00004963  __aeabi_memcpy8                    
00004963  memcpy                             
000049ff  __aeabi_memclr                     
000049ff  __aeabi_memclr4                    
000049ff  __aeabi_memclr8                    
00004a01  __aeabi_memset                     
00004a01  __aeabi_memset4                    
00004a01  __aeabi_memset8                    
00004a07  memset                             
00004a79  __TI_decompress_lzss               
00004ae1  __TI_auto_init_nobinit_nopinit     
00004b25  _c_int00_noargs                    
00004b59  __TI_decompress_none               
00004b67  Reset_Handler                      
00004b73  ADC14_IRQHandler                   
00004b73  AES256_IRQHandler                  
00004b73  BusFault_Handler                   
00004b73  COMP_E0_IRQHandler                 
00004b73  COMP_E1_IRQHandler                 
00004b73  CS_IRQHandler                      
00004b73  DMA_ERR_IRQHandler                 
00004b73  DMA_INT0_IRQHandler                
00004b73  DMA_INT1_IRQHandler                
00004b73  DMA_INT2_IRQHandler                
00004b73  DMA_INT3_IRQHandler                
00004b73  DebugMon_Handler                   
00004b73  Default_Handler                    
00004b73  EUSCIA0_IRQHandler                 
00004b73  EUSCIA1_IRQHandler                 
00004b73  EUSCIA2_IRQHandler                 
00004b73  EUSCIA3_IRQHandler                 
00004b73  EUSCIB0_IRQHandler                 
00004b73  EUSCIB1_IRQHandler                 
00004b73  EUSCIB2_IRQHandler                 
00004b73  EUSCIB3_IRQHandler                 
00004b73  FLCTL_IRQHandler                   
00004b73  FPU_IRQHandler                     
00004b73  HardFault_Handler                  
00004b73  MemManage_Handler                  
00004b73  NMI_Handler                        
00004b73  PCM_IRQHandler                     
00004b73  PORT1_IRQHandler                   
00004b73  PORT2_IRQHandler                   
00004b73  PORT3_IRQHandler                   
00004b73  PORT4_IRQHandler                   
00004b73  PORT5_IRQHandler                   
00004b73  PORT6_IRQHandler                   
00004b73  PSS_IRQHandler                     
00004b73  PendSV_Handler                     
00004b73  RTC_C_IRQHandler                   
00004b73  SVC_Handler                        
00004b73  SysTick_Handler                    
00004b73  T32_INT1_IRQHandler                
00004b73  T32_INT2_IRQHandler                
00004b73  T32_INTC_IRQHandler                
00004b73  TA0_0_IRQHandler                   
00004b73  TA0_N_IRQHandler                   
00004b73  TA1_0_IRQHandler                   
00004b73  TA1_N_IRQHandler                   
00004b73  TA2_0_IRQHandler                   
00004b73  TA2_N_IRQHandler                   
00004b73  TA3_0_IRQHandler                   
00004b73  TA3_N_IRQHandler                   
00004b73  UsageFault_Handler                 
00004b73  WDT_A_IRQHandler                   
00004b75  __TI_zero_init                     
00004b81  _system_pre_init                   
00004b85  C$$EXIT                            
00004b85  abort                              
00004b88  ulMaxSyscallInterruptPriority      
00004ba8  __TI_Handler_Table_Base            
00004bb4  __TI_Handler_Table_Limit           
00004bc0  __TI_CINIT_Base                    
00004bd0  __TI_CINIT_Limit                   
20000000  __start___llvm_prf_cnts            
20000000  __stop___llvm_prf_cnts             
2000816c  pxCurrentTCB                       
200081dc  Task_Blink_LED1_Handle             
200081e0  Task_Blink_RGB_BLUE_Handle         
200081e4  SystemCoreClock                    
2000fe00  __stack                            
20010000  __STACK_END                        
4000480c  WDTCTL_SYM                         
ffffffff  __TI_pprof_out_hndl                
ffffffff  __TI_prof_data_size                
ffffffff  __TI_prof_data_start               
ffffffff  __binit__                          
ffffffff  __c_args__                         
ffffffff  binit                              
UNDEFED   __mpu_init                         
UNDEFED   _system_post_cinit                 

[224 symbols]
